<html>
<body>
<pre>
<h1>µVision Build Log</h1>
<h2>Tool Versions:</h2>
IDE-Version: ¦ÌVision V5.24.2.0
Copyright (C) 2017 ARM Ltd and ARM Germany GmbH. All rights reserved.
License Information: feng hui, a, LIC=HF8PC-7PQTQ-59DGZ-JHUL9-W0ZQD-XSNKU
 
Tool Versions:
Toolchain:       MDK-ARM Professional  Version: 5.24.1
Toolchain Path:  C:\Keil_v5\ARM\ARMCLANG\Bin
C Compiler:      ArmClang.exe V6.7
Assembler:       Armasm.exe V6.7
Linker/Locator:  ArmLink.exe V6.7
Library Manager: ArmAr.exe V6.7
Hex Converter:   FromElf.exe V6.7
CPU DLL:         SARMCM3.DLL V5.24.1
Dialog DLL:      DARMCM1.DLL V1.18.0.0
Target DLL:      Segger\JL2CM3.dll V2.99.26.0
Dialog DLL:      TARMCM1.DLL V1.13.0.0
 
<h2>Project:</h2>
E:\work\proj\p03_terminal_ctrl_water\sw\p03_terminal_ctrl_water\MDK\lpuart_int.uvprojx
Project File Date:  06/03/2020

<h2>Output:</h2>
*** Using Compiler 'V6.7', folder: 'C:\Keil_v5\ARM\ARMCLANG\Bin'
Rebuild target 'lpuart_int_Release'
compiling interrupts_hc32l17x.c...
compiling main.c...
compiling adc.c...
compiling ddl.c...
assembling startup_hc32l17x.s...
compiling system_hc32l17x.c...
compiling flash.c...
compiling gpio.c...
compiling lpm.c...
compiling reset.c...
compiling lpuart.c...
compiling rtc.c...
compiling lptim.c...
compiling sysctrl.c...
compiling bt.c...
compiling wdt.c...
compiling bgr.c...
compiling com_bit.c...
compiling com_atoi.c...
compiling com_buf.c...
compiling com_char.c...
compiling com_delay.c...
compiling com_list.c...
compiling com_mac.c...
compiling com_memory.c...
compiling com_queue.c...
compiling com_queue_val_len.c...
compiling com_sqList.c...
compiling com_str.c...
compiling com_var.c...
compiling dri.c...
compiling dri_clk.c...
compiling dri_timer.c...
compiling dri_flash_f_eep.c...
compiling dri_uart_debug.c...
compiling dri_adc.c...
compiling cfg_com.c...
compiling cfg_aes.c...
compiling cfg_base.c...
compiling cfg_page_id.c...
compiling cfg.c...
compiling timer.c...
compiling uart_pack.c...
compiling dbg_cmd.c...
compiling dbg_uart.c...
compiling dbg.c...
compiling dbg_cmd_aes.c...
compiling dbg_cmd_dev.c...
compiling dbg_cmd_uart_pass.c...
compiling mod.c...
compiling dev_sleep.c...
compiling dev_iwdg.c...
compiling dev_vbatt.c...
compiling dev.c...
compiling dev_state.c...
linking...
Program Size: Code=11404 RO-data=272 RW-data=16 ZI-data=4192  
FromELF: creating hex file...
".\output\release\lpuart_int.axf" - 0 Error(s), 0 Warning(s).

<h2>Software Packages used:</h2>

Package Vendor: ARM
                http://www.keil.com/pack/ARM.CMSIS.5.0.1.pack
                ARM.CMSIS.5.0.1
                CMSIS (Cortex Microcontroller Software Interface Standard)
   * Component: CORE Version: 5.0.1

<h2>Collection of Component include folders:</h2>
  .\RTE\_lpuart_int_Release
  C:\Keil_v5\ARM\PACK\ARM\CMSIS\5.0.1\CMSIS\Include
  C:\Keil_v5\ARM\PACK\ARM\CMSIS\5.0.1\Device\ARM\ARMCM0plus\Include

<h2>Collection of Component Files used:</h2>

   * Component: ARM::CMSIS:CORE:5.0.1
Build Time Elapsed:  00:00:12
</pre>
</body>
</html>
