Component: ARM Compiler 6.7 Tool: armlink [5c9ef700]

==============================================================================

Image Symbol Table

    Local Symbols

    Symbol Name                              Value     Ov Type        Size  Object(Section)

    RESET                                    0x00000000   Section      192  startup_hc32l17x.o(RESET)
    ../clib/microlib/ctype/ctype.c           0x00000000   Number         0  isupper_o.o ABSOLUTE
    ../clib/microlib/ctype/ctype.c           0x00000000   Number         0  ctype_o.o ABSOLUTE
    ../clib/microlib/ctype/ctype.c           0x00000000   Number         0  isspace_c.o ABSOLUTE
    ../clib/microlib/ctype/ctype.c           0x00000000   Number         0  isalpha_o.o ABSOLUTE
    ../clib/microlib/ctype/ctype.c           0x00000000   Number         0  isprint_o.o ABSOLUTE
    ../clib/microlib/ctype/ctype.c           0x00000000   Number         0  iscntrl_o.o ABSOLUTE
    ../clib/microlib/ctype/ctype.c           0x00000000   Number         0  isblank_o.o ABSOLUTE
    ../clib/microlib/ctype/ctype.c           0x00000000   Number         0  isdigit_o.o ABSOLUTE
    ../clib/microlib/ctype/ctype.c           0x00000000   Number         0  isgraph_o.o ABSOLUTE
    ../clib/microlib/ctype/ctype.c           0x00000000   Number         0  isalnum_o.o ABSOLUTE
    ../clib/microlib/ctype/ctype.c           0x00000000   Number         0  isspace_o.o ABSOLUTE
    ../clib/microlib/ctype/ctype.c           0x00000000   Number         0  ispunct_o.o ABSOLUTE
    ../clib/microlib/ctype/ctype.c           0x00000000   Number         0  isxdigit_o.o ABSOLUTE
    ../clib/microlib/ctype/ctype.c           0x00000000   Number         0  ctype_c.o ABSOLUTE
    ../clib/microlib/ctype/ctype.c           0x00000000   Number         0  islower_o.o ABSOLUTE
    ../clib/microlib/division.c              0x00000000   Number         0  uidiv.o ABSOLUTE
    ../clib/microlib/division.c              0x00000000   Number         0  uldiv.o ABSOLUTE
    ../clib/microlib/division.c              0x00000000   Number         0  idiv.o ABSOLUTE
    ../clib/microlib/errno.c                 0x00000000   Number         0  errno.o ABSOLUTE
    ../clib/microlib/init/entry.s            0x00000000   Number         0  entry9b.o ABSOLUTE
    ../clib/microlib/init/entry.s            0x00000000   Number         0  entry10a.o ABSOLUTE
    ../clib/microlib/init/entry.s            0x00000000   Number         0  entry11a.o ABSOLUTE
    ../clib/microlib/init/entry.s            0x00000000   Number         0  entry11b.o ABSOLUTE
    ../clib/microlib/init/entry.s            0x00000000   Number         0  entry8a.o ABSOLUTE
    ../clib/microlib/init/entry.s            0x00000000   Number         0  entry7b.o ABSOLUTE
    ../clib/microlib/init/entry.s            0x00000000   Number         0  entry5.o ABSOLUTE
    ../clib/microlib/init/entry.s            0x00000000   Number         0  entry2.o ABSOLUTE
    ../clib/microlib/init/entry.s            0x00000000   Number         0  entry10b.o ABSOLUTE
    ../clib/microlib/init/entry.s            0x00000000   Number         0  entry7a.o ABSOLUTE
    ../clib/microlib/init/entry.s            0x00000000   Number         0  entry.o ABSOLUTE
    ../clib/microlib/init/entry.s            0x00000000   Number         0  entry9a.o ABSOLUTE
    ../clib/microlib/init/entry.s            0x00000000   Number         0  entry8b.o ABSOLUTE
    ../clib/microlib/longlong.c              0x00000000   Number         0  llushr.o ABSOLUTE
    ../clib/microlib/longlong.c              0x00000000   Number         0  llshl.o ABSOLUTE
    ../clib/microlib/longlong.c              0x00000000   Number         0  llmul.o ABSOLUTE
    ../clib/microlib/longlong.c              0x00000000   Number         0  llsshr.o ABSOLUTE
    ../clib/microlib/malloc/malloc.c         0x00000000   Number         0  malloc.o ABSOLUTE
    ../clib/microlib/malloc/malloc.c         0x00000000   Number         0  mallocra.o ABSOLUTE
    ../clib/microlib/malloc/malloc.c         0x00000000   Number         0  mallocr.o ABSOLUTE
    ../clib/microlib/malloc/malloc.c         0x00000000   Number         0  malloca.o ABSOLUTE
    ../clib/microlib/malloc/mvars.c          0x00000000   Number         0  mvars.o ABSOLUTE
    ../clib/microlib/printf/printf.c         0x00000000   Number         0  printf6.o ABSOLUTE
    ../clib/microlib/printf/printf.c         0x00000000   Number         0  printf5.o ABSOLUTE
    ../clib/microlib/printf/printf.c         0x00000000   Number         0  printf4.o ABSOLUTE
    ../clib/microlib/printf/printf.c         0x00000000   Number         0  printf3.o ABSOLUTE
    ../clib/microlib/printf/printf.c         0x00000000   Number         0  printf1.o ABSOLUTE
    ../clib/microlib/printf/printf.c         0x00000000   Number         0  printf0.o ABSOLUTE
    ../clib/microlib/printf/printf.c         0x00000000   Number         0  printfb.o ABSOLUTE
[...]
    txtFrameOnErrIsToRsp                     0x00006677   Thumb Code     4  f_txt_frame.o(.text.txtFrameOnErrIsToRsp)
    txtFrameUnpack                           0x0000667b   Thumb Code    32  f_txt_frame.o(.text.txtFrameUnpack)
    txtFrameUnpackHeadNotMac                 0x0000669b   Thumb Code    68  f_txt_frame.o(.text.txtFrameUnpackHeadNotMac)
    txtFrameUnpackNotMac                     0x000066df   Thumb Code   116  f_txt_frame.o(.text.txtFrameUnpackNotMac)
    txtFrameVerIsEnc                         0x00006753   Thumb Code     4  f_txt_frame.o(.text.txtFrameVerIsEnc)
    txtFrameVerIsOk                          0x00006757   Thumb Code    14  f_txt_frame.o(.text.txtFrameVerIsOk)
    u16splitToByteHL                         0x00006765   Thumb Code     8  com_var.o(.text.u16splitToByteHL)
    u16splitToByteLH                         0x0000676d   Thumb Code     8  com_var.o(.text.u16splitToByteLH)
    u32splitToByte                           0x00006775   Thumb Code    16  com_var.o(.text.u32splitToByte)
    uartPackInit                             0x00006785   Thumb Code   100  uart_pack.o(.text.uartPackInit)
    valBitSet0                               0x000067e9   Thumb Code     8  com_var.o(.text.valBitSet0)
    valBitSet1                               0x000067f1   Thumb Code     8  com_var.o(.text.valBitSet1)
    zcmdAutoNet                              0x000067f9   Thumb Code    48  zgb_cmd.o(.text.zcmdAutoNet)
    zcmdDef                                  0x00006825   Thumb Code    28  zgb_cmd.o(.text.zcmdDef)
    zcmdDevInfoGet                           0x0000683d   Thumb Code    24  zgb_cmd.o(.text.zcmdDevInfoGet)
    zcmdDevInfoSet                           0x00006851   Thumb Code    52  zgb_cmd.o(.text.zcmdDevInfoSet)
    zcmdLqiGet                               0x00006881   Thumb Code    24  zgb_cmd.o(.text.zcmdLqiGet)
    zcmdReboot                               0x00006895   Thumb Code    24  zgb_cmd.o(.text.zcmdReboot)
    zcmdRx                                   0x000068a9   Thumb Code   256  zgb_cmd.o(.text.zcmdRx)
    zcmdTxCB                                 0x000069a1   Thumb Code   320  zgb_cmd.o(.text.zcmdTxCB)
    zcmdWorkStateGet                         0x00006ae1   Thumb Code    24  zgb_cmd.o(.text.zcmdWorkStateGet)
    zgbCmdInit                               0x00006af5   Thumb Code    44  zgb_cmd.o(.text.zgbCmdInit)
    zgbInit                                  0x00006b1d   Thumb Code    20  zgb.o(.text.zgbInit)
    zgbIoInit                                0x00006b31   Thumb Code    20  zgb_io.o(.text.zgbIoInit)
    zgbStateInit                             0x00006b45   Thumb Code    12  zgb_state.o(.text.zgbStateInit)
    zgbUartInit                              0x00006b51   Thumb Code    84  zgb_uart.o(.text.zgbUartInit)
    zgbUartIsIdle                            0x00006ba1   Thumb Code    72  zgb_uart.o(.text.zgbUartIsIdle)
    zgbUartTx                                0x00006be5   Thumb Code    44  zgb_uart.o(.text.zgbUartTx)
    zgbUartTxPoll                            0x00006c11   Thumb Code    52  zgb_uart.o(.text.zgbUartTxPoll)
    zigbeeAutoNetGet                         0x00006c45   Thumb Code    16  zgb_cmd.o(.text.zigbeeAutoNetGet)
    zigbeeInfoRfGet                          0x00006c55   Thumb Code    28  zgb_cmd.o(.text.zigbeeInfoRfGet)
    zigbeeLqiGet                             0x00006c71   Thumb Code    12  zgb_cmd.o(.text.zigbeeLqiGet)
    zigbeeMyMacGet                           0x00006c7d   Thumb Code    52  zgb_cmd.o(.text.zigbeeMyMacGet)
    zigbeeWorkStateGet                       0x00006cb1   Thumb Code    36  zgb_cmd.o(.text.zigbeeWorkStateGet)
    __0sprintf                               0x00006cd5   Thumb Code    36  printfa.o(i.__0sprintf)
    __1sprintf                               0x00006cd5   Thumb Code     0  printfa.o(i.__0sprintf)
    __2sprintf                               0x00006cd5   Thumb Code     0  printfa.o(i.__0sprintf)
    __c89sprintf                             0x00006cd5   Thumb Code     0  printfa.o(i.__0sprintf)
    sprintf                                  0x00006cd5   Thumb Code     0  printfa.o(i.__0sprintf)
    __0vsnprintf                             0x00006cfd   Thumb Code    40  printfa.o(i.__0vsnprintf)
    __1vsnprintf                             0x00006cfd   Thumb Code     0  printfa.o(i.__0vsnprintf)
    __2vsnprintf                             0x00006cfd   Thumb Code     0  printfa.o(i.__0vsnprintf)
    __c89vsnprintf                           0x00006cfd   Thumb Code     0  printfa.o(i.__0vsnprintf)
    vsnprintf                                0x00006cfd   Thumb Code     0  printfa.o(i.__0vsnprintf)
    __ARM_clz                                0x00006d29   Thumb Code    46  depilogue.o(i.__ARM_clz)
    free                                     0x00006d59   Thumb Code    94  mallocr.o(i.__free$realloc)
    malloc                                   0x00006dbd   Thumb Code    54  mallocr.o(i.__malloc$realloc)
    __scatterload_copy                       0x00006e05   Thumb Code    14  handlers.o(i.__scatterload_copy)
    __scatterload_null                       0x00006e13   Thumb Code     2  handlers.o(i.__scatterload_null)
    __scatterload_zeroinit                   0x00006e15   Thumb Code    14  handlers.o(i.__scatterload_zeroinit)
    _dpackParaExeArr                         0x00007758   Data          92  f_txt_frame_data.o(.rodata._dpackParaExeArr)
    _n2sArr                                  0x000077b4   Data         108  sn_n2s.o(.rodata._n2sArr)
    _rspArr                                  0x00007820   Data         108  sn_n2s.o(.rodata._rspArr)
    paraIdArr                                0x00007896   Data          46  f_txt_frame_data.o(.rodata.paraIdArr)
    pu32PcgTimer4M                           0x000078c4   Data          32  flash.o(.rodata.pu32PcgTimer4M)
    strCmdAesHead                            0x000078f8   Data           4  dbg_cmd_aes.o(.rodata.strCmdAesHead)
    strCmdAesKeyGet                          0x000078fc   Data           7  dbg_cmd_aes.o(.rodata.strCmdAesKeyGet)
    strCmdAesKeySet                          0x00007903   Data           7  dbg_cmd_aes.o(.rodata.strCmdAesKeySet)
    strCmdAesSwitchGet                       0x0000790a   Data          10  dbg_cmd_aes.o(.rodata.strCmdAesSwitchGet)
    strCmdAesSwitchSet0                      0x00007914   Data          11  dbg_cmd_aes.o(.rodata.strCmdAesSwitchSet0)
    strCmdAesSwitchSet1                      0x0000791f   Data          11  dbg_cmd_aes.o(.rodata.strCmdAesSwitchSet1)
    strCmdDevCtrlInfoGet                     0x0000792a   Data           8  dbg_cmd_dev.o(.rodata.strCmdDevCtrlInfoGet)
    strCmdDevHead                            0x00007932   Data           4  dbg_cmd_dev.o(.rodata.strCmdDevHead)
    strCmdMacGet                             0x00007936   Data           4  dbg_cmd_mac.o(.rodata.strCmdMacGet)
    strCmdMacHead                            0x0000793a   Data           4  dbg_cmd_mac.o(.rodata.strCmdMacHead)
    strCmdUartPassHead                       0x0000793e   Data           9  dbg_cmd_uart_pass.o(.rodata.strCmdUartPassHead)
    strCmdUartZigbeeOn                       0x00007947   Data           8  dbg_cmd_uart_pass.o(.rodata.strCmdUartZigbeeOn)
    strDebugCmdHead                          0x0000794f   Data           4  dbg_cmd.o(.rodata.strDebugCmdHead)
    zcmdForeverHead                          0x00007953   Data           3  zgb_cmd.o(.rodata.zcmdForeverHead)
    zcmdTempHead                             0x00007956   Data           3  zgb_cmd.o(.rodata.zcmdTempHead)
    Region$$Table$$Base                      0x0000795c   Number         0  anon$$obj.o(Region$$Table)
    Region$$Table$$Limit                     0x0000797c   Number         0  anon$$obj.o(Region$$Table)
    __microlib_freelist                      0x20000000   Data           4  mvars.o(.data)
    __microlib_freelist_initialised          0x20000004   Data           4  mvars.o(.data)
    gN2sServerNgCnt                          0x20000008   Data           1  sn_n2s.o(.data..L_MergedGlobals)
    gstN2S                                   0x2000000c   Data           4  sn_n2s.o(.data..L_MergedGlobals)
    SystemCoreClock                          0x20000014   Data           4  system_hc32l17x.o(.data.SystemCoreClock)
    _stZcmdPara                              0x20000090   Data           1  zgb_cmd.o(.bss..L_MergedGlobals)
    _stZcmdTx                                0x20000091   Data           1  zgb_cmd.o(.bss..L_MergedGlobals)
    _stZdevInfo                              0x20000092   Data          66  zgb_cmd.o(.bss..L_MergedGlobals)
    _cfgModify                               0x2000012d   Data           1  cfg_com.o(.bss._cfgModify)
    _flashTempBuf                            0x20000144   Data         512  dri_flash_f_eep.o(.bss._flashTempBuf)
    _stAppConfig                             0x200007ec   Data          72  cfg_com.o(.bss._stAppConfig)
    g32TimerCnt                              0x20000c28   Data           4  dri_timer.o(.bss.g32TimerCnt)
    gB1                                      0x20000c2c   Data           4  com_var.o(.bss.gB1)
    gSysFreq                                 0x20000c30   Data           4  dri_clk.o(.bss.gSysFreq)
    __heap_base                              0x20000c38   Data           0  startup_hc32l17x.o(HEAP)
    __heap_limit                             0x20002838   Data           0  startup_hc32l17x.o(HEAP)
    __initial_sp                             0x20003438   Data           0  startup_hc32l17x.o(STACK)



==============================================================================

Memory Map of the image

  Image Entry point : 0x000000c1

  Load Region LR_IROM1 (Base: 0x00000000, Size: 0x000079a0, Max: 0x00020000, ABSOLUTE)

    Execution Region ER_IROM1 (Exec base: 0x00000000, Load base: 0x00000000, Size: 0x0000797c, Max: 0x00020000, ABSOLUTE)

    Exec Addr    Load Addr    Size         Type   Attr      Idx    E Section Name        Object

    0x00000000   0x00000000   0x000000c0   Data   RO            3    RESET               startup_hc32l17x.o
    0x000000c0   0x000000c0   0x00000000   Code   RO         2939  * .ARM.Collect$$$$00000000  mc_p.l(entry.o)
    0x000000c0   0x000000c0   0x00000004   Code   RO         3254    .ARM.Collect$$$$00000001  mc_p.l(entry2.o)
    0x000000c4   0x000000c4   0x00000004   Code   RO         3257    .ARM.Collect$$$$00000004  mc_p.l(entry5.o)
    0x000000c8   0x000000c8   0x00000000   Code   RO         3259    .ARM.Collect$$$$00000008  mc_p.l(entry7b.o)
    0x000000c8   0x000000c8   0x00000000   Code   RO         3261    .ARM.Collect$$$$0000000A  mc_p.l(entry8b.o)
    0x000000c8   0x000000c8   0x00000008   Code   RO         3262    .ARM.Collect$$$$0000000B  mc_p.l(entry9a.o)
    0x000000d0   0x000000d0   0x00000000   Code   RO         3264    .ARM.Collect$$$$0000000D  mc_p.l(entry10a.o)
    0x000000d0   0x000000d0   0x00000000   Code   RO         3266    .ARM.Collect$$$$0000000F  mc_p.l(entry11a.o)
    0x000000d0   0x000000d0   0x00000004   Code   RO         3255    .ARM.Collect$$$$00002712  mc_p.l(entry2.o)
    0x000000d4   0x000000d4   0x0000003c   Code   RO            4    .text               startup_hc32l17x.o
    0x00000110   0x00000110   0x0000002c   Code   RO         2942    .text               mc_p.l(uidiv.o)
    0x0000013c   0x0000013c   0x00000028   Code   RO         2944    .text               mc_p.l(idiv.o)
    0x00000164   0x00000164   0x0000008c   Code   RO         2946    .text               mc_p.l(mktime.o)
    0x000001f0   0x000001f0   0x00000024   Code   RO         2949    .text               mc_p.l(memcpya.o)
    0x00000214   0x00000214   0x00000024   Code   RO         2951    .text               mc_p.l(memseta.o)
    0x00000238   0x00000238   0x0000001c   Code   RO         2953    .text               mc_p.l(strcmp.o)
    0x00000254   0x00000254   0x0000001a   Code   RO         2955    .text               mc_p.l(memcmp.o)
    0x0000026e   0x0000026e   0x00000060   Code   RO         3273    .text               mc_p.l(uldiv.o)
    0x000002ce   0x000002ce   0x00000022   Code   RO         3275    .text               mc_p.l(llushr.o)
    0x000002f0   0x000002f0   0x00000074   Code   RO         3280    .text               mc_p.l(localtime_i.o)
    0x00000364   0x00000364   0x00000000   Code   RO         3310    .text               mc_p.l(iusefp.o)
    0x00000364   0x00000364   0x00000164   Code   RO         3311    .text               mf_p.l(dadd.o)
    0x000004c8   0x000004c8   0x000000d0   Code   RO         3313    .text               mf_p.l(dmul.o)
    0x00000598   0x00000598   0x000000f0   Code   RO         3315    .text               mf_p.l(ddiv.o)
    0x00000688   0x00000688   0x00000040   Code   RO         3317    .text               mf_p.l(dfixul.o)
    0x000006c8   0x000006c8   0x00000028   Code   RO         3319    .text               mf_p.l(cdrcmple.o)
    0x000006f0   0x000006f0   0x00000024   Code   RO         3321    .text               mc_p.l(init.o)
    0x00000714   0x00000714   0x00000020   Code   RO         3326    .text               mc_p.l(llshl.o)
    0x00000734   0x00000734   0x00000026   Code   RO         3328    .text               mc_p.l(llsshr.o)
    0x0000075a   0x0000075a   0x000000be   Code   RO         3367    .text               mf_p.l(depilogue.o)
    0x00000818   0x00000818   0x0000000e   Code   RO           96    .text.$Sub$$main    system_hc32l17x.o
    0x00000826   0x00000826   0x0000000c   Code   RO           65    .text.ADC_DAC_IRQHandler  interrupts_hc32l17x.o
    0x00000832   0x00000832   0x00000002   PAD
    0x00000834   0x00000834   0x0000009c   Code   RO          753    .text.AES_Decrypt   aes.o
    0x000008d0   0x000008d0   0x000000a0   Code   RO          751    .text.AES_Encrypt   aes.o
    0x00000970   0x00000970   0x00000018   Code   RO          164    .text.Adc_CfgSglChannel  adc.o
    0x00000988   0x00000988   0x00000010   Code   RO          126    .text.Adc_ClrIrqStatus  adc.o
    0x00000998   0x00000998   0x0000000c   Code   RO          158    .text.Adc_Disable   adc.o
    0x000009a4   0x000009a4   0x0000000c   Code   RO          156    .text.Adc_Enable    adc.o
    0x000009b0   0x000009b0   0x00000010   Code   RO          128    .text.Adc_EnableIrq  adc.o
    0x000009c0   0x000009c0   0x00000014   Code   RO          124    .text.Adc_GetIrqStatus  adc.o
    0x000009d4   0x000009d4   0x0000000c   Code   RO          170    .text.Adc_GetSglResult  adc.o
    0x000009e0   0x000009e0   0x0000002c   Code   RO         1122    .text.Adc_IRQHandler  dri_adc.o
    0x00000a0c   0x00000a0c   0x00000058   Code   RO          132    .text.Adc_Init      adc.o
    0x00000a64   0x00000a64   0x00000008   Code   RO          140    .text.Adc_SGL_Start  adc.o
    0x00000a6c   0x00000a6c   0x0000000c   Code   RO          142    .text.Adc_SGL_Stop  adc.o
    0x00000a78   0x00000a78   0x0000000c   Code   RO          734    .text.Bgr_BgrDisable  bgr.o
    0x00000a84   0x00000a84   0x00000018   Code   RO          732    .text.Bgr_BgrEnable  bgr.o
    0x00000a9c   0x00000a9c   0x00000014   Code   RO          592    .text.Bt_ClearIntFlag  bt.o
    0x00000ab0   0x00000ab0   0x00000014   Code   RO          590    .text.Bt_GetIntFlag  bt.o
    0x00000ac4   0x00000ac4   0x00000018   Code   RO          622    .text.Bt_M0_ARRSet  bt.o
    0x00000adc   0x00000adc   0x0000001c   Code   RO          618    .text.Bt_M0_Cnt16Set  bt.o
    0x00000af8   0x00000af8   0x00000010   Code   RO          610    .text.Bt_M0_Run     bt.o
    0x00000b08   0x00000b08   0x00000010   Code   RO          612    .text.Bt_M0_Stop    bt.o
    0x00000b18   0x00000b18   0x00000014   Code   RO          596    .text.Bt_Mode0_EnableIrq  bt.o
    0x00000b2c   0x00000b2c   0x00000084   Code   RO          608    .text.Bt_Mode0_Init  bt.o
    0x00000bb0   0x00000bb0   0x00000008   Code   RO           79    .text.CLKTRIM_IRQHandler  interrupts_hc32l17x.o
    0x00000bb8   0x00000bb8   0x00000008   Code   RO           25    .text.DMAC_IRQHandler  interrupts_hc32l17x.o
    0x00000bc0   0x00000bc0   0x0000008c   Code   RO           11    .text.EnableNvic    interrupts_hc32l17x.o
    0x00000c4c   0x00000c4c   0x0000000c   Code   RO           77    .text.FLASH_RAM_IRQHandler  interrupts_hc32l17x.o
    0x00000c58   0x00000c58   0x00000090   Code   RO          226    .text.Flash_Init    flash.o
    0x00000ce8   0x00000ce8   0x000000a0   Code   RO          240    .text.Flash_SectorErase  flash.o
    0x00000d88   0x00000d88   0x0000001c   Code   RO          244    .text.Flash_WaitCycle  flash.o
    0x00000da4   0x00000da4   0x000000b8   Code   RO          238    .text.Flash_WritePage  flash.o
    0x00000e5c   0x00000e5c   0x00000014   Code   RO          205    .text.GetBit        ddl.o
    0x00000e70   0x00000e70   0x00000014   Code   RO          276    .text.Gpio_ClrIO    gpio.o
    0x00000e84   0x00000e84   0x00000010   Code   RO          262    .text.Gpio_GetInputIO  gpio.o
    0x00000e94   0x00000e94   0x00000088   Code   RO          260    .text.Gpio_Init     gpio.o
    0x00000f1c   0x00000f1c   0x00000010   Code   RO          282    .text.Gpio_SetAfMode  gpio.o
    0x00000f2c   0x00000f2c   0x00000014   Code   RO          280    .text.Gpio_SetAnalogMode  gpio.o
    0x00000f40   0x00000f40   0x00000014   Code   RO          272    .text.Gpio_SetIO    gpio.o
    0x00000f54   0x00000f54   0x00000010   Code   RO           13    .text.HardFault_Handler  interrupts_hc32l17x.o
    0x00000f64   0x00000f64   0x00000008   Code   RO           41    .text.I2C0_IRQHandler  interrupts_hc32l17x.o
    0x00000f6c   0x00000f6c   0x00000008   Code   RO           43    .text.I2C1_IRQHandler  interrupts_hc32l17x.o
    0x00000f74   0x00000f74   0x0000000e   Code   RO          965    .text.IsEmptyQueueV  com_queue_val_len.o
    0x00000f82   0x00000f82   0x00000008   Code   RO           75    .text.LCD_IRQHandler  interrupts_hc32l17x.o
    0x00000f8a   0x00000f8a   0x0000000c   Code   RO           51    .text.LPTIM0_1_IRQHandler  interrupts_hc32l17x.o
    0x00000f96   0x00000f96   0x00000008   Code   RO           33    .text.LPUART0_IRQHandler  interrupts_hc32l17x.o
    0x00000f9e   0x00000f9e   0x00000008   Code   RO           35    .text.LPUART1_IRQHandler  interrupts_hc32l17x.o
    0x00000fa6   0x00000fa6   0x00000010   Code   RO          368    .text.LPUart_ClrStatus  lpuart.o
    0x00000fb6   0x00000fb6   0x00000010   Code   RO          342    .text.LPUart_DisableIrq  lpuart.o
    0x00000fc6   0x00000fc6   0x0000000e   Code   RO          340    .text.LPUart_EnableIrq  lpuart.o
    0x00000fd4   0x00000fd4   0x0000000a   Code   RO          364    .text.LPUart_GetStatus  lpuart.o
    0x00000fde   0x00000fde   0x00000002   PAD
    0x00000fe0   0x00000fe0   0x00000060   Code   RO          376    .text.LPUart_Init   lpuart.o
    0x00001040   0x00001040   0x0000000e   Code   RO          372    .text.LPUart_SendDataIt  lpuart.o
    0x0000104e   0x0000104e   0x00000008   Code   RO           73    .text.LVD_IRQHandler  interrupts_hc32l17x.o
    0x00001056   0x00001056   0x00000002   PAD
    0x00001058   0x00001058   0x00000014   Code   RO         1370    .text.LpUart0_IRQHandler  dri_uart_debug.o
    0x0000106c   0x0000106c   0x0000001c   Code   RO          325    .text.Lpm_GotoDeepSleep  lpm.o
    0x00001088   0x00001088   0x00000008   Code   RO           59    .text.PCA_IRQHandler  interrupts_hc32l17x.o
    0x00001090   0x00001090   0x00000008   Code   RO           67    .text.PCNT_IRQHandler  interrupts_hc32l17x.o
    0x00001098   0x00001098   0x00000008   Code   RO           17    .text.PORTA_IRQHandler  interrupts_hc32l17x.o
    0x000010a0   0x000010a0   0x00000008   Code   RO           19    .text.PORTB_IRQHandler  interrupts_hc32l17x.o
    0x000010a8   0x000010a8   0x0000000c   Code   RO           21    .text.PORTC_E_IRQHandler  interrupts_hc32l17x.o
    0x000010b4   0x000010b4   0x0000000c   Code   RO           23    .text.PORTD_F_IRQHandler  interrupts_hc32l17x.o
    0x000010c0   0x000010c0   0x00000008   Code   RO           63    .text.RTC_IRQHandler  interrupts_hc32l17x.o
    0x000010c8   0x000010c8   0x00000010   Code   RO          475    .text.Rtc_ClearPrdfItStatus  rtc.o
    0x000010d8   0x000010d8   0x00000010   Code   RO          459    .text.Rtc_Cmd       rtc.o
    0x000010e8   0x000010e8   0x00000038   Code   RO          479    .text.Rtc_CompCfg   rtc.o
    0x00001120   0x00001120   0x0000000c   Code   RO          477    .text.Rtc_GetPridItStatus  rtc.o
    0x0000112c   0x0000112c   0x00000010   Code   RO         1322    .text.Rtc_IRQHandler  dri_rtc.o
    0x0000113c   0x0000113c   0x00000048   Code   RO          495    .text.Rtc_Init      rtc.o
    0x00001184   0x00001184   0x00000074   Code   RO          487    .text.Rtc_ReadDateTime  rtc.o
    0x000011f8   0x000011f8   0x00000050   Code   RO          465    .text.Rtc_SetCyc    rtc.o
    0x00001248   0x00001248   0x00000070   Code   RO          489    .text.Rtc_SetTime   rtc.o
    0x000012b8   0x000012b8   0x00000008   Code   RO           37    .text.SPI0_IRQHandler  interrupts_hc32l17x.o
    0x000012c0   0x000012c0   0x00000008   Code   RO           39    .text.SPI1_IRQHandler  interrupts_hc32l17x.o
    0x000012c8   0x000012c8   0x00000016   Code   RO          203    .text.SetBit        ddl.o
    0x000012de   0x000012de   0x00000008   Code   RO           15    .text.SysTick_Handler  interrupts_hc32l17x.o
    0x000012e6   0x000012e6   0x00000002   PAD
    0x000012e8   0x000012e8   0x000000f8   Code   RO          513    .text.Sysctrl_ClkSourceEnable  sysctrl.o
    0x000013e0   0x000013e0   0x0000011c   Code   RO          529    .text.Sysctrl_GetHClkFreq  sysctrl.o
    0x000014fc   0x000014fc   0x00000014   Code   RO          531    .text.Sysctrl_GetPClkFreq  sysctrl.o
    0x00001510   0x00001510   0x00000020   Code   RO          535    .text.Sysctrl_SetHCLKDiv  sysctrl.o
    0x00001530   0x00001530   0x0000002c   Code   RO          537    .text.Sysctrl_SetPCLKDiv  sysctrl.o
    0x0000155c   0x0000155c   0x000000bc   Code   RO          545    .text.Sysctrl_SetPLLFreq  sysctrl.o
    0x00001618   0x00001618   0x00000044   Code   RO          549    .text.Sysctrl_SetPeripheralGate  sysctrl.o
    0x0000165c   0x0000165c   0x0000001c   Code   RO          541    .text.Sysctrl_SetRCHTrim  sysctrl.o
    0x00001678   0x00001678   0x00000018   Code   RO          521    .text.Sysctrl_SetRCLStableTime  sysctrl.o
    0x00001690   0x00001690   0x00000024   Code   RO          547    .text.Sysctrl_SetRCLTrim  sysctrl.o
    0x000016b4   0x000016b4   0x00000030   Code   RO          527    .text.Sysctrl_SysClkSwitch  sysctrl.o
    0x000016e4   0x000016e4   0x0000000c   Code   RO           92    .text.SystemCoreClockUpdate  system_hc32l17x.o
    0x000016f0   0x000016f0   0x0000004c   Code   RO           94    .text.SystemInit    system_hc32l17x.o
    0x0000173c   0x0000173c   0x00000008   Code   RO           45    .text.TIM0_IRQHandler  interrupts_hc32l17x.o
    0x00001744   0x00001744   0x00000008   Code   RO           47    .text.TIM1_IRQHandler  interrupts_hc32l17x.o
    0x0000174c   0x0000174c   0x00000008   Code   RO           49    .text.TIM2_IRQHandler  interrupts_hc32l17x.o
    0x00001754   0x00001754   0x00000008   Code   RO           27    .text.TIM3_IRQHandler  interrupts_hc32l17x.o
    0x0000175c   0x0000175c   0x00000008   Code   RO           53    .text.TIM4_IRQHandler  interrupts_hc32l17x.o
    0x00001764   0x00001764   0x00000008   Code   RO           55    .text.TIM5_IRQHandler  interrupts_hc32l17x.o
    0x0000176c   0x0000176c   0x00000008   Code   RO           57    .text.TIM6_IRQHandler  interrupts_hc32l17x.o
    0x00001774   0x00001774   0x00000030   Code   RO         1343    .text.Tim0_IRQHandler  dri_timer.o
    0x000017a4   0x000017a4   0x0000000c   Code   RO           29    .text.UART0_2_IRQHandler  interrupts_hc32l17x.o
    0x000017b0   0x000017b0   0x0000000c   Code   RO           31    .text.UART1_3_IRQHandler  interrupts_hc32l17x.o
    0x000017bc   0x000017bc   0x00000014   Code   RO         1394    .text.Uart0_IRQHandler  dri_uart_zgb.o
    0x000017d0   0x000017d0   0x00000010   Code   RO          415    .text.Uart_ClrStatus  uart.o
    0x000017e0   0x000017e0   0x00000010   Code   RO          391    .text.Uart_DisableIrq  uart.o
    0x000017f0   0x000017f0   0x0000000e   Code   RO          389    .text.Uart_EnableIrq  uart.o
    0x000017fe   0x000017fe   0x0000000a   Code   RO          411    .text.Uart_GetStatus  uart.o
    0x00001808   0x00001808   0x00000058   Code   RO          423    .text.Uart_Init     uart.o
    0x00001860   0x00001860   0x0000000e   Code   RO          419    .text.Uart_SendDataIt  uart.o
    0x0000186e   0x0000186e   0x00000008   Code   RO           69    .text.VC0_IRQHandler  interrupts_hc32l17x.o
    0x00001876   0x00001876   0x0000000c   Code   RO           71    .text.VC1_2_IRQHandler  interrupts_hc32l17x.o
    0x00001882   0x00001882   0x00000008   Code   RO           61    .text.WDT_IRQHandler  interrupts_hc32l17x.o
    0x0000188a   0x0000188a   0x00000002   PAD
    0x0000188c   0x0000188c   0x00000010   Code   RO          711    .text.Wdt_Feed      wdt.o
    0x0000189c   0x0000189c   0x00000028   Code   RO          707    .text.Wdt_Init      wdt.o
    0x000018c4   0x000018c4   0x00000084   Code   RO         2920    .text._10msCB       dev.o
    0x00001948   0x00001948   0x0000000c   Code   RO         1138    .text._AdcPortInit  dri_adc.o
    0x00001954   0x00001954   0x00000008   Code   RO         2896    .text._adcStartCB   dev_vbatt.o
    0x0000195c   0x0000195c   0x00000070   Code   RO         2902    .text._adcValIn     dev_vbatt.o
    0x000019cc   0x000019cc   0x00000008   Code   RO         2426    .text._allOff       led_com.o
    0x000019d4   0x000019d4   0x00000008   Code   RO         2428    .text._allOn        led_com.o
    0x000019dc   0x000019dc   0x0000003c   Code   RO         2491    .text._chSet        sn_ch.o
    0x00001a18   0x00001a18   0x00000070   Code   RO         1154    .text._clkCtrl      dri_clk.o
    0x00001a88   0x00001a88   0x00000050   Code   RO         2335    .text._ctrlFinishTimerCB  ctrl.o
    0x00001ad8   0x00001ad8   0x00000034   Code   RO         2333    .text._ctrlTimerCB  ctrl.o
    0x00001b0c   0x00001b0c   0x00000088   Code   RO         1638    .text._dbgIRQHandler  dbg_uart.o
    0x00001b94   0x00001b94   0x000000f0   Code   RO         1636    .text._dbgUartPollCB  dbg_uart.o
    0x00001c84   0x00001c84   0x00000048   Code   RO         1376    .text._dbgUartPortCfg  dri_uart_debug.o
    0x00001ccc   0x00001ccc   0x0000002a   Code   RO         1632    .text._dbgUartRx    dbg_uart.o
    0x00001cf6   0x00001cf6   0x00000002   Code   RO         1634    .text._dbgUartTxFinish  dbg_uart.o
    0x00001cf8   0x00001cf8   0x00000008   Code   RO         1986    .text._defTimerCB   f_txt_frame_dpara_base.o
    0x00001d00   0x00001d00   0x00000028   Code   RO         2922    .text._devStartCB   dev.o
    0x00001d28   0x00001d28   0x000001bc   Code   RO         2870    .text._devStateSet  dev_state.o
    0x00001ee4   0x00001ee4   0x000000c0   Code   RO         2878    .text._devTimerPollCB  dev_state.o
    0x00001fa4   0x00001fa4   0x00000028   Code   RO         1130    .text._driAdcEnInit  dri_adc.o
    0x00001fcc   0x00001fcc   0x00000024   Code   RO         1180    .text._driFlashEepWritePage  dri_flash_f_eep.o
    0x00001ff0   0x00001ff0   0x00000018   Code   RO         2331    .text._enTimerCB    ctrl.o
    0x00002008   0x00002008   0x00000040   Code   RO         2440    .text._errShow      led_err.o
    0x00002048   0x00002048   0x00000008   Code   RO         2442    .text._errShowStop  led_err.o
    0x00002050   0x00002050   0x00000028   Code   RO         1202    .text._ioChInit     dri_io_ch.o
    0x00002078   0x00002078   0x0000002a   Code   RO         1270    .text._ioLed1Init   dri_io_led.o
    0x000020a2   0x000020a2   0x00000002   PAD
    0x000020a4   0x000020a4   0x00000074   Code   RO         1586    .text._irqCB        timer.o
    0x00002118   0x00002118   0x00000018   Code   RO         2446    .text._ledBlink     led_err.o
    0x00002130   0x00002130   0x00000010   Code   RO         2444    .text._ledBlinkStop  led_err.o
    0x00002140   0x00002140   0x00000044   Code   RO         2412    .text._ledPollCB    led.o
    0x00002184   0x00002184   0x00000020   Code   RO         2448    .text._ledSetCB1    led_err.o
    0x000021a4   0x000021a4   0x00000044   Code   RO         2450    .text._ledSetCB2    led_err.o
    0x000021e8   0x000021e8   0x00000050   Code   RO         2200    .text._modZigbeeStateSet  zgb_state.o
    0x00002238   0x00002238   0x00000020   Code   RO         2549    .text._n2sRspExe    sn_n2s.o
    0x00002258   0x00002258   0x00000020   Code   RO         2547    .text._n2sRspParser  sn_n2s.o
    0x00002278   0x00002278   0x00000050   Code   RO         2667    .text._n2sTx        sn_n2s.o
    0x000022c8   0x000022c8   0x00000064   Code   RO         2557    .text._n2s_aes_key  sn_n2s.o
    0x0000232c   0x0000232c   0x00000068   Code   RO         2555    .text._n2s_aes_switch  sn_n2s.o
    0x00002394   0x00002394   0x00000084   Code   RO         2571    .text._n2s_battery  sn_n2s.o
    0x00002418   0x00002418   0x00000068   Code   RO         2575    .text._n2s_cmd_ctrl  sn_n2s.o
    0x00002480   0x00002480   0x00000064   Code   RO         2551    .text._n2s_config_ver  sn_n2s.o
    0x000024e4   0x000024e4   0x00000068   Code   RO         2573    .text._n2s_ctrl_mode  sn_n2s.o
    0x0000254c   0x0000254c   0x00000070   Code   RO         2581    .text._n2s_ctrl_pack  sn_n2s.o
    0x000025bc   0x000025bc   0x0000006c   Code   RO         2597    .text._n2s_ctrl_pack_get  sn_n2s.o
    0x00002628   0x00002628   0x00000010   Code   RO         2553    .text._n2s_def      sn_n2s.o
    0x00002638   0x00002638   0x00000078   Code   RO         2567    .text._n2s_dev_type  sn_n2s.o
    0x000026b0   0x000026b0   0x00000088   Code   RO         2569    .text._n2s_heartbeat  sn_n2s.o
    0x00002738   0x00002738   0x00000070   Code   RO         2577    .text._n2s_open_sec  sn_n2s.o
    0x000027a8   0x000027a8   0x00000074   Code   RO         2579    .text._n2s_period_ctrl  sn_n2s.o
    0x0000281c   0x0000281c   0x00000088   Code   RO         2559    .text._n2s_reboot   sn_n2s.o
    0x000028a4   0x000028a4   0x00000074   Code   RO         2561    .text._n2s_sleep_sec  sn_n2s.o
    0x00002918   0x00002918   0x00000004   Code   RO         2595    .text._n2s_uart485  sn_n2s.o
    0x0000291c   0x0000291c   0x00000074   Code   RO         2565    .text._n2s_ver      sn_n2s.o
    0x00002990   0x00002990   0x00000074   Code   RO         2563    .text._n2s_work_sec  sn_n2s.o
    0x00002a04   0x00002a04   0x00000078   Code   RO         2587    .text._n2s_zigbee_auto_net  sn_n2s.o
    0x00002a7c   0x00002a7c   0x00000078   Code   RO         2593    .text._n2s_zigbee_info  sn_n2s.o
    0x00002af4   0x00002af4   0x00000078   Code   RO         2589    .text._n2s_zigbee_lqi  sn_n2s.o
    0x00002b6c   0x00002b6c   0x00000074   Code   RO         2591    .text._n2s_zigbee_state  sn_n2s.o
    0x00002be0   0x00002be0   0x0000000c   Code   RO         2585    .text._n2s_zigbee_to_def  sn_n2s.o
    0x00002bec   0x00002bec   0x00000010   Code   RO         2583    .text._n2s_zigbee_to_reset  sn_n2s.o
    0x00002bfc   0x00002bfc   0x0000001c   Code   RO         2876    .text._onErr        dev_state.o
    0x00002c18   0x00002c18   0x0000007c   Code   RO         2874    .text._onErrToOk    dev_state.o
    0x00002c94   0x00002c94   0x000000ac   Code   RO         2075    .text._paraCtrlTimerCB  f_txt_frame_dpara_ctrl.o
    0x00002d40   0x00002d40   0x00000008   Code   RO         2004    .text._rebootTimerCB  f_txt_frame_dpara_base.o
    0x00002d48   0x00002d48   0x0000000c   Code   RO         2601    .text._rspRspExe    sn_n2s.o
    0x00002d54   0x00002d54   0x0000000c   Code   RO         2599    .text._rspRspParser  sn_n2s.o
    0x00002d60   0x00002d60   0x00000010   Code   RO         2609    .text._rsp_aes_key  sn_n2s.o
    0x00002d70   0x00002d70   0x0000000c   Code   RO         2607    .text._rsp_aes_switch  sn_n2s.o
    0x00002d7c   0x00002d7c   0x00000010   Code   RO         2623    .text._rsp_battery  sn_n2s.o
    0x00002d8c   0x00002d8c   0x00000010   Code   RO         2627    .text._rsp_cmd_ctrl  sn_n2s.o
    0x00002d9c   0x00002d9c   0x0000000c   Code   RO         2603    .text._rsp_config_ver  sn_n2s.o
    0x00002da8   0x00002da8   0x00000010   Code   RO         2625    .text._rsp_ctrl_mode  sn_n2s.o
    0x00002db8   0x00002db8   0x00000014   Code   RO         2633    .text._rsp_ctrl_pack  sn_n2s.o
    0x00002dcc   0x00002dcc   0x00000010   Code   RO         2649    .text._rsp_ctrl_pack_get  sn_n2s.o
    0x00002ddc   0x00002ddc   0x0000000c   Code   RO         2605    .text._rsp_def      sn_n2s.o
    0x00002de8   0x00002de8   0x00000010   Code   RO         2619    .text._rsp_dev_type  sn_n2s.o
    0x00002df8   0x00002df8   0x00000010   Code   RO         2621    .text._rsp_heartbeat  sn_n2s.o
    0x00002e08   0x00002e08   0x00000010   Code   RO         2629    .text._rsp_open_sec  sn_n2s.o
    0x00002e18   0x00002e18   0x00000010   Code   RO         2631    .text._rsp_period_ctrl  sn_n2s.o
    0x00002e28   0x00002e28   0x00000010   Code   RO         2611    .text._rsp_reboot   sn_n2s.o
    0x00002e38   0x00002e38   0x0000000c   Code   RO         2613    .text._rsp_sleep_sec  sn_n2s.o
    0x00002e44   0x00002e44   0x00000010   Code   RO         2647    .text._rsp_uart485  sn_n2s.o
    0x00002e54   0x00002e54   0x00000010   Code   RO         2617    .text._rsp_ver      sn_n2s.o
    0x00002e64   0x00002e64   0x00000010   Code   RO         2615    .text._rsp_work_sec  sn_n2s.o
    0x00002e74   0x00002e74   0x00000010   Code   RO         2639    .text._rsp_zigbee_auto_net  sn_n2s.o
    0x00002e84   0x00002e84   0x00000014   Code   RO         2645    .text._rsp_zigbee_info  sn_n2s.o
    0x00002e98   0x00002e98   0x00000010   Code   RO         2641    .text._rsp_zigbee_lqi  sn_n2s.o
    0x00002ea8   0x00002ea8   0x00000010   Code   RO         2643    .text._rsp_zigbee_state  sn_n2s.o
    0x00002eb8   0x00002eb8   0x00000010   Code   RO         2637    .text._rsp_zigbee_to_def  sn_n2s.o
    0x00002ec8   0x00002ec8   0x00000014   Code   RO         2635    .text._rsp_zigbee_to_reset  sn_n2s.o
    0x00002edc   0x00002edc   0x00000038   Code   RO         2712    .text._snRxTimerCB  sn_rx.o
    0x00002f14   0x00002f14   0x0000002c   Code   RO         1580    .text._timerSet     timer.o
    0x00002f40   0x00002f40   0x0000006c   Code   RO         2657    .text._txtFrameExe  sn_n2s.o
    0x00002fac   0x00002fac   0x00000030   Code   RO         2659    .text._txtFrameExeToRsp  sn_n2s.o
    0x00002fdc   0x00002fdc   0x0000001c   Code   RO         1576    .text._varInit      timer.o
    0x00002ff8   0x00002ff8   0x00000008   Code   RO         2904    .text._vbattCB      dev_vbatt.o
    0x00003000   0x00003000   0x0000001c   Code   RO         2452    .text._waitCB       led_err.o
    0x0000301c   0x0000301c   0x00000088   Code   RO         2226    .text._zgbIRQHandler  zgb_uart.o
    0x000030a4   0x000030a4   0x000000f0   Code   RO         2224    .text._zgbUartPollCB  zgb_uart.o
    0x00003194   0x00003194   0x0000004a   Code   RO         1400    .text._zgbUartPortCfg  dri_uart_zgb.o
    0x000031de   0x000031de   0x00000002   PAD
    0x000031e0   0x000031e0   0x00000058   Code   RO         2220    .text._zgbUartRx    zgb_uart.o
    0x00003238   0x00003238   0x00000002   Code   RO         2222    .text._zgbUartTxFinish  zgb_uart.o
    0x0000323a   0x0000323a   0x00000002   PAD
    0x0000323c   0x0000323c   0x00000024   Code   RO         2141    .text._zigbeeSleepCB  zgb_io.o
    0x00003260   0x00003260   0x0000002c   Code   RO         2149    .text._zigbeeWakeCB  zgb_io.o
    0x0000328c   0x0000328c   0x000000f4   Code   RO         1834    .text.aesDec        aes_mod.o
    0x00003380   0x00003380   0x000000ec   Code   RO         1832    .text.aesEnc        aes_mod.o
    0x0000346c   0x0000346c   0x000000aa   Code   RO         1764    .text.aesEncDec     aes_128.o
    0x00003516   0x00003516   0x00000002   Code   RO         1838    .text.aesInit       aes_mod.o
    0x00003518   0x00003518   0x00000008   Code   RO         1796    .text.aesKey12Get   aes_key12.o
    0x00003520   0x00003520   0x0000000a   Code   RO         1794    .text.aesKey12Set   aes_key12.o
    0x0000352a   0x0000352a   0x00000002   PAD
    0x0000352c   0x0000352c   0x0000003c   Code   RO         1779    .text.aesKey4Get    aes_key4.o
    0x00003568   0x00003568   0x00000024   Code   RO         1817    .text.aesKeyGet     aes_key.o
    0x0000358c   0x0000358c   0x00000008   Code   RO         1749    .text.aesSwitchGet  aes_switch.o
    0x00003594   0x00003594   0x00000008   Code   RO         1745    .text.aesSwitchSet  aes_switch.o
    0x0000359c   0x0000359c   0x00000006   Code   RO         1058    .text.byteMergeto16  com_var.o
    0x000035a2   0x000035a2   0x0000000e   Code   RO         1064    .text.byteMergeto32  com_var.o
    0x000035b0   0x000035b0   0x00000014   Code   RO         1436    .text.cfgAesKeyGet  cfg_aes.o
    0x000035c4   0x000035c4   0x0000002c   Code   RO         1438    .text.cfgAesKeySet  cfg_aes.o
    0x000035f0   0x000035f0   0x00000010   Code   RO         1430    .text.cfgAesSwitchGet  cfg_aes.o
    0x00003600   0x00003600   0x00000014   Code   RO         1432    .text.cfgAesSwitchSet  cfg_aes.o
    0x00003614   0x00003614   0x00000008   Code   RO         1453    .text.cfgCfgVerGet  cfg_base.o
    0x0000361c   0x0000361c   0x00000014   Code   RO         1455    .text.cfgCfgVerSet  cfg_base.o
    0x00003630   0x00003630   0x00000010   Code   RO         1512    .text.cfgCtrlModeGet  cfg_ctrl.o
    0x00003640   0x00003640   0x00000030   Code   RO         1514    .text.cfgCtrlModeSet  cfg_ctrl.o
    0x00003670   0x00003670   0x00000010   Code   RO         1518    .text.cfgCtrlOpenSecGet  cfg_ctrl.o
    0x00003680   0x00003680   0x0000001c   Code   RO         1520    .text.cfgCtrlOpenSecSet  cfg_ctrl.o
    0x0000369c   0x0000369c   0x00000008   Code   RO         1524    .text.cfgCtrlOpenStartGet  cfg_ctrl.o
    0x000036a4   0x000036a4   0x00000014   Code   RO         1526    .text.cfgCtrlOpenStartSet  cfg_ctrl.o
    0x000036b8   0x000036b8   0x00000010   Code   RO         1506    .text.cfgCtrlStateGet  cfg_ctrl.o
    0x000036c8   0x000036c8   0x0000002c   Code   RO         1508    .text.cfgCtrlStateSet  cfg_ctrl.o
    0x000036f4   0x000036f4   0x00000034   Code   RO         1488    .text.cfgPageIdDef  cfg_page_id.o
    0x00003728   0x00003728   0x00000008   Code   RO         1484    .text.cfgPageIdGet  cfg_page_id.o
    0x00003730   0x00003730   0x00000014   Code   RO         1492    .text.cfgPageIdInit  cfg_page_id.o
    0x00003744   0x00003744   0x00000010   Code   RO         1482    .text.cfgPageIdIsOk  cfg_page_id.o
    0x00003754   0x00003754   0x00000010   Code   RO         1490    .text.cfgPageIdLoad  cfg_page_id.o
    0x00003764   0x00003764   0x00000044   Code   RO         1486    .text.cfgPageIdSet  cfg_page_id.o
    0x000037a8   0x000037a8   0x0000000c   Code   RO         1530    .text.cfgPeriodCtrlGapGet  cfg_ctrl.o
    0x000037b4   0x000037b4   0x00000020   Code   RO         1532    .text.cfgPeriodCtrlGapSet  cfg_ctrl.o
    0x000037d4   0x000037d4   0x00000018   Code   RO         1459    .text.cfgSleepSecGet  cfg_base.o
    0x000037ec   0x000037ec   0x00000048   Code   RO         1461    .text.cfgSleepSecSet  cfg_base.o
    0x00003834   0x00003834   0x00000008   Code   RO         1465    .text.cfgWorkSecGet  cfg_base.o
    0x0000383c   0x0000383c   0x00000030   Code   RO         1467    .text.cfgWorkSecSet  cfg_base.o
    0x0000386c   0x0000386c   0x00000008   Code   RO          865    .text.comDelayMs    com_delay.o
    0x00003874   0x00003874   0x00000002   Code   RO          911    .text.comMallocEr   com_memory.o
    0x00003876   0x00003876   0x00000014   Code   RO          917    .text.comMemset     com_memory.o
    0x0000388a   0x0000388a   0x00000016   Code   RO         1048    .text.comSwapU8     com_var.o
    0x000038a0   0x000038a0   0x0000000c   Code   RO         1052    .text.comU8Dec      com_var.o
    0x000038ac   0x000038ac   0x0000003c   Code   RO         1553    .text.configDef     cfg.o
    0x000038e8   0x000038e8   0x00000024   Code   RO         1559    .text.configInit    cfg.o
    0x0000390c   0x0000390c   0x00000018   Code   RO         1555    .text.configLoad    cfg.o
    0x00003924   0x00003924   0x00000094   Code   RO         1557    .text.configUpdate  cfg.o
    0x000039b8   0x000039b8   0x00000010   Code   RO         2319    .text.ctrlClose     ctrl.o
    0x000039c8   0x000039c8   0x00000008   Code   RO         2351    .text.ctrlCmdCtrlClose  ctrl_cmd_ctrl.o
    0x000039d0   0x000039d0   0x00000002   Code   RO         2355    .text.ctrlCmdCtrlInit  ctrl_cmd_ctrl.o
    0x000039d2   0x000039d2   0x00000008   Code   RO         2349    .text.ctrlCmdCtrlOpen  ctrl_cmd_ctrl.o
    0x000039da   0x000039da   0x00000008   Code   RO         2353    .text.ctrlCmdCtrlStateIsOpen  ctrl_cmd_ctrl.o
    0x000039e2   0x000039e2   0x00000002   PAD
    0x000039e4   0x000039e4   0x00000030   Code   RO         2329    .text.ctrlInit      ctrl.o
    0x00003a14   0x00003a14   0x00000024   Code   RO         2327    .text.ctrlIsIdle    ctrl.o
    0x00003a38   0x00003a38   0x00000002   Code   RO         2389    .text.ctrlModeInit  ctrl_mode.o
    0x00003a3a   0x00003a3a   0x0000000e   Code   RO         2387    .text.ctrlModeIsCmd  ctrl_mode.o
    0x00003a48   0x00003a48   0x00000012   Code   RO         2385    .text.ctrlModeSet   ctrl_mode.o
    0x00003a5a   0x00003a5a   0x00000002   PAD
    0x00003a5c   0x00003a5c   0x0000000c   Code   RO         2317    .text.ctrlOpen      ctrl.o
    0x00003a68   0x00003a68   0x00000008   Code   RO         2370    .text.ctrlOpenSecGet  ctrl_cmd_ctrl_open_sec.o
    0x00003a70   0x00003a70   0x00000002   Code   RO         2372    .text.ctrlOpenSecInit  ctrl_cmd_ctrl_open_sec.o
    0x00003a72   0x00003a72   0x00000002   PAD
    0x00003a74   0x00003a74   0x00000038   Code   RO         2325    .text.ctrlOpenSecIsTimeout  ctrl.o
    0x00003aac   0x00003aac   0x00000074   Code   RO         2323    .text.ctrlOpenSecPoll  ctrl.o
    0x00003b20   0x00003b20   0x00000008   Code   RO         2368    .text.ctrlOpenSecSet  ctrl_cmd_ctrl_open_sec.o
    0x00003b28   0x00003b28   0x0000000c   Code   RO         2315    .text.ctrlOpenStartSecUpdate  ctrl.o
    0x00003b34   0x00003b34   0x00000008   Code   RO         2069    .text.ctrlPackClear  f_txt_frame_dpara_ctrl.o
    0x00003b3c   0x00003b3c   0x00000014   Code   RO         2071    .text.ctrlPackRxIsDbg  f_txt_frame_dpara_ctrl.o
    0x00003b50   0x00003b50   0x00000008   Code   RO         2313    .text.ctrlStateGet  ctrl.o
    0x00003b58   0x00003b58   0x00000060   Code   RO         2321    .text.ctrlStatePoll  ctrl.o
    0x00003bb8   0x00003bb8   0x00000040   Code   RO         1084    .text.dateTime2Sec  com_time.o
    0x00003bf8   0x00003bf8   0x0000000c   Code   RO         1616    .text.dbgInit       dbg.o
    0x00003c04   0x00003c04   0x00000050   Code   RO         1630    .text.dbgUartInit   dbg_uart.o
    0x00003c54   0x00003c54   0x00000044   Code   RO         1646    .text.dbgUartIsIdle  dbg_uart.o
    0x00003c98   0x00003c98   0x00000014   Code   RO         1628    .text.dbgUartTx     dbg_uart.o
    0x00003cac   0x00003cac   0x00000014   Code   RO          195    .text.ddl_memclr    ddl.o
    0x00003cc0   0x00003cc0   0x00000046   Code   RO          975    .text.deQueueV      com_queue_val_len.o
    0x00003d06   0x00003d06   0x00000002   PAD
    0x00003d08   0x00003d08   0x000000c0   Code   RO         1661    .text.debugCmd      dbg_cmd.o
    0x00003dc8   0x00003dc8   0x00000118   Code   RO         1675    .text.debugCmdAes   dbg_cmd_aes.o
    0x00003ee0   0x00003ee0   0x00000064   Code   RO         1694    .text.debugCmdDev   dbg_cmd_dev.o
    0x00003f44   0x00003f44   0x0000009c   Code   RO         1730    .text.debugCmdMac   dbg_cmd_mac.o
    0x00003fe0   0x00003fe0   0x00000044   Code   RO         1711    .text.debugCmdUartPass  dbg_cmd_uart_pass.o
    0x00004024   0x00004024   0x00000008   Code   RO         1713    .text.debugCmdUartPassInit  dbg_cmd_uart_pass.o
    0x0000402c   0x0000402c   0x0000000c   Code   RO         1709    .text.debugPassIsZigbee  dbg_cmd_uart_pass.o
    0x00004038   0x00004038   0x00000014   Code   RO         1644    .text.debugUartTxPass  dbg_uart.o
    0x0000404c   0x0000404c   0x00000018   Code   RO          778    .text.decU8toHexStr  com_atoi.o
    0x00004064   0x00004064   0x00000040   Code   RO          201    .text.delay10us     ddl.o
    0x000040a4   0x000040a4   0x00000048   Code   RO          197    .text.delay1ms      ddl.o
    0x000040ec   0x000040ec   0x00000018   Code   RO         2894    .text.devBattStart  dev_vbatt.o
    0x00004104   0x00004104   0x0000000c   Code   RO         2850    .text.devErrIsHaveMaster  dev_state.o
    0x00004110   0x00004110   0x00000008   Code   RO         2846    .text.devHeartbeatUpdate  dev_state.o
    0x00004118   0x00004118   0x0000002c   Code   RO         2918    .text.devInit       dev.o
    0x00004144   0x00004144   0x000001bc   Code   RO         2868    .text.devOnEvent    dev_state.o
    0x00004300   0x00004300   0x000000d4   Code   RO         2830    .text.devSleep      dev_sleep.o
    0x000043d4   0x000043d4   0x0000000c   Code   RO         2828    .text.devSleepSecSet  dev_sleep.o
    0x000043e0   0x000043e0   0x00000008   Code   RO         2852    .text.devStateGet   dev_state.o
    0x000043e8   0x000043e8   0x0000001c   Code   RO         2872    .text.devStateInit  dev_state.o
    0x00004404   0x00004404   0x00000010   Code   RO         2856    .text.devStateIsDbg  dev_state.o
    0x00004414   0x00004414   0x00000010   Code   RO         2866    .text.devStateIsMasterErr  dev_state.o
    0x00004424   0x00004424   0x00000010   Code   RO         2854    .text.devStateIsNormal  dev_state.o
    0x00004434   0x00004434   0x00000010   Code   RO         2858    .text.devStateIsReadCtrlInfo  dev_state.o
    0x00004444   0x00004444   0x00000010   Code   RO         2860    .text.devStateIsUartPass  dev_state.o
    0x00004454   0x00004454   0x00000014   Code   RO         2864    .text.devStateIsZigbeeErr  dev_state.o
    0x00004468   0x00004468   0x00000024   Code   RO         2900    .text.devVbattInit  dev_vbatt.o
    0x0000448c   0x0000448c   0x00000008   Code   RO         2898    .text.devVbattPoll  dev_vbatt.o
    0x00004494   0x00004494   0x00000010   Code   RO         2892    .text.devVbattValGet  dev_vbatt.o
    0x000044a4   0x000044a4   0x00000028   Code   RO         1944    .text.dpackCreate   f_txt_frame_data.o
    0x000044cc   0x000044cc   0x00000044   Code   RO         1948    .text.dpackExe      f_txt_frame_data.o
    0x00004510   0x00004510   0x00000034   Code   RO         1932    .text.dpackFindParaId  f_txt_frame_data.o
    0x00004544   0x00004544   0x00000054   Code   RO         1640    .text.dprintf       dbg_uart.o
    0x00004598   0x00004598   0x0000003c   Code   RO         1642    .text.dprintfBuf    dbg_uart.o
    0x000045d4   0x000045d4   0x0000000c   Code   RO         1120    .text.driAdcEnClose  dri_adc.o
    0x000045e0   0x000045e0   0x0000000c   Code   RO         1118    .text.driAdcEnOpen  dri_adc.o
    0x000045ec   0x000045ec   0x00000008   Code   RO         1132    .text.driAdcFunSet  dri_adc.o
    0x000045f4   0x000045f4   0x00000058   Code   RO         1128    .text.driAdcInit    dri_adc.o
    0x0000464c   0x0000464c   0x00000014   Code   RO         1136    .text.driAdcOnWakeup  dri_adc.o
    0x00004660   0x00004660   0x00000008   Code   RO         1124    .text.driAdcStart   dri_adc.o
    0x00004668   0x00004668   0x00000010   Code   RO         1134    .text.driAdcToSleep  dri_adc.o
    0x00004678   0x00004678   0x0000007c   Code   RO         1158    .text.driClkInit    dri_clk.o
    0x000046f4   0x000046f4   0x0000000a   Code   RO         1152    .text.driClkOnWakeup  dri_clk.o
    0x000046fe   0x000046fe   0x0000000a   Code   RO         1156    .text.driClkToSleep  dri_clk.o
    0x00004708   0x00004708   0x0000000a   Code   RO         1101    .text.driContinueSleep  dri.o
    0x00004712   0x00004712   0x0000000c   Code   RO         1223    .text.driCtrl12VenH  dri_io_ctrl.o
    0x0000471e   0x0000471e   0x0000000c   Code   RO         1225    .text.driCtrl12VenL  dri_io_ctrl.o
    0x0000472a   0x0000472a   0x0000000c   Code   RO         1219    .text.driCtrl12VswitchH  dri_io_ctrl.o
    0x00004736   0x00004736   0x0000000c   Code   RO         1221    .text.driCtrl12VswitchL  dri_io_ctrl.o
    0x00004742   0x00004742   0x0000000c   Code   RO         1237    .text.driCtrlClose  dri_io_ctrl.o
    0x0000474e   0x0000474e   0x0000000c   Code   RO         1239    .text.driCtrlFinish  dri_io_ctrl.o
    0x0000475a   0x0000475a   0x0000000c   Code   RO         1231    .text.driCtrlOffH   dri_io_ctrl.o
    0x00004766   0x00004766   0x0000000c   Code   RO         1233    .text.driCtrlOffL   dri_io_ctrl.o
    0x00004772   0x00004772   0x0000000c   Code   RO         1227    .text.driCtrlOnH    dri_io_ctrl.o
    0x0000477e   0x0000477e   0x0000000c   Code   RO         1229    .text.driCtrlOnL    dri_io_ctrl.o
    0x0000478a   0x0000478a   0x0000000c   Code   RO         1235    .text.driCtrlOpen   dri_io_ctrl.o
    0x00004796   0x00004796   0x00000010   Code   RO         1184    .text.driFlashEepInit  dri_flash_f_eep.o
    0x000047a6   0x000047a6   0x00000016   Code   RO         1182    .text.driFlashEepRead  dri_flash_f_eep.o
    0x000047bc   0x000047bc   0x00000080   Code   RO         1176    .text.driFlashEepWrite  dri_flash_f_eep.o
    0x0000483c   0x0000483c   0x00000036   Code   RO         1099    .text.driInit       dri.o
    0x00004872   0x00004872   0x00000008   Code   RO         1200    .text.driIoChInit   dri_io_ch.o
    0x0000487a   0x0000487a   0x00000008   Code   RO         1206    .text.driIoChOnWakeup  dri_io_ch.o
    0x00004882   0x00004882   0x00000018   Code   RO         1198    .text.driIoChRead   dri_io_ch.o
    0x0000489a   0x0000489a   0x00000002   Code   RO         1204    .text.driIoChToSleep  dri_io_ch.o
    0x0000489c   0x0000489c   0x00000098   Code   RO         1241    .text.driIoCtrlInit  dri_io_ctrl.o
    0x00004934   0x00004934   0x00000008   Code   RO         1245    .text.driIoCtrlOnWakeup  dri_io_ctrl.o
    0x0000493c   0x0000493c   0x00000002   Code   RO         1243    .text.driIoCtrlToSleep  dri_io_ctrl.o
    0x0000493e   0x0000493e   0x00000008   Code   RO         1268    .text.driIoLedInit  dri_io_led.o
    0x00004946   0x00004946   0x00000008   Code   RO         1274    .text.driIoLedOnWakeup  dri_io_led.o
    0x0000494e   0x0000494e   0x00000008   Code   RO         1272    .text.driIoLedToSleep  dri_io_led.o
    0x00004956   0x00004956   0x00000002   PAD
    0x00004958   0x00004958   0x000000c8   Code   RO         1305    .text.driIoZgbInit  dri_io_zgb.o
    0x00004a20   0x00004a20   0x00000008   Code   RO         1309    .text.driIoZgbOnWakeup  dri_io_zgb.o
    0x00004a28   0x00004a28   0x00000002   Code   RO         1307    .text.driIoZgbToSleep  dri_io_zgb.o
    0x00004a2a   0x00004a2a   0x00000008   Code   RO         1264    .text.driLed1Close  dri_io_led.o
    0x00004a32   0x00004a32   0x0000000c   Code   RO         1258    .text.driLed1H      dri_io_led.o
    0x00004a3e   0x00004a3e   0x0000000c   Code   RO         1260    .text.driLed1L      dri_io_led.o
    0x00004a4a   0x00004a4a   0x00000008   Code   RO         1262    .text.driLed1Open   dri_io_led.o
    0x00004a52   0x00004a52   0x00000002   PAD
    0x00004a54   0x00004a54   0x00000048   Code   RO         1266    .text.driLed1Toggle  dri_io_led.o
    0x00004a9c   0x00004a9c   0x00000028   Code   RO         1105    .text.driOnWakeup   dri.o
    0x00004ac4   0x00004ac4   0x0000007c   Code   RO         1324    .text.driRtcGetDateTime  dri_rtc.o
    0x00004b40   0x00004b40   0x0000001a   Code   RO         1326    .text.driRtcGetDateTimeSec  dri_rtc.o
    0x00004b5a   0x00004b5a   0x00000066   Code   RO         1328    .text.driRtcInit    dri_rtc.o
    0x00004bc0   0x00004bc0   0x0000001c   Code   RO         1097    .text.driSoftReset  dri.o
    0x00004bdc   0x00004bdc   0x0000006c   Code   RO         1351    .text.driTimerInit  dri_timer.o
    0x00004c48   0x00004c48   0x00000018   Code   RO         1349    .text.driTimerLoopIrqCB  dri_timer.o
    0x00004c60   0x00004c60   0x00000014   Code   RO         1355    .text.driTimerOnWakeup  dri_timer.o
    0x00004c74   0x00004c74   0x00000014   Code   RO         1345    .text.driTimerStart  dri_timer.o
    0x00004c88   0x00004c88   0x0000000a   Code   RO         1347    .text.driTimerStop  dri_timer.o
    0x00004c92   0x00004c92   0x00000016   Code   RO         1353    .text.driTimerToSleep  dri_timer.o
    0x00004ca8   0x00004ca8   0x00000088   Code   RO         1103    .text.driToSleep    dri.o
    0x00004d30   0x00004d30   0x00000038   Code   RO         1380    .text.driUartDbgOnWakeup  dri_uart_debug.o
    0x00004d68   0x00004d68   0x00000038   Code   RO         1378    .text.driUartDbgToSleep  dri_uart_debug.o
    0x00004da0   0x00004da0   0x0000007c   Code   RO         1374    .text.driUartDebugInit  dri_uart_debug.o
    0x00004e1c   0x00004e1c   0x0000000c   Code   RO         1372    .text.driUartDebugIrqCBset  dri_uart_debug.o
    0x00004e28   0x00004e28   0x00000070   Code   RO         1398    .text.driUartZgbInit  dri_uart_zgb.o
    0x00004e98   0x00004e98   0x0000000c   Code   RO         1396    .text.driUartZgbIrqCBset  dri_uart_zgb.o
    0x00004ea4   0x00004ea4   0x00000038   Code   RO         1404    .text.driUartZgbOnWakeup  dri_uart_zgb.o
    0x00004edc   0x00004edc   0x0000003c   Code   RO         1402    .text.driUartZgbToSleep  dri_uart_zgb.o
    0x00004f18   0x00004f18   0x0000000c   Code   RO         1299    .text.driZgbDetectH  dri_io_zgb.o
    0x00004f24   0x00004f24   0x0000000c   Code   RO         1291    .text.driZgbResetH  dri_io_zgb.o
    0x00004f30   0x00004f30   0x0000000c   Code   RO         1287    .text.driZgbSleepH  dri_io_zgb.o
    0x00004f3c   0x00004f3c   0x0000000c   Code   RO         1289    .text.driZgbSleepL  dri_io_zgb.o
    0x00004f48   0x00004f48   0x0000000c   Code   RO         1295    .text.driZgbWakeupH  dri_io_zgb.o
    0x00004f54   0x00004f54   0x0000000c   Code   RO         1297    .text.driZgbWakeupL  dri_io_zgb.o
    0x00004f60   0x00004f60   0x00000048   Code   RO          973    .text.enQueueV      com_queue_val_len.o
    0x00004fa8   0x00004fa8   0x00000002   Code   RO         2127    .text.frameInit     frame.o
    0x00004faa   0x00004faa   0x00000014   Code   RO          971    .text.getUnuseLenQueueV  com_queue_val_len.o
    0x00004fbe   0x00004fbe   0x00000036   Code   RO          961    .text.initQqueueV   com_queue_val_len.o
    0x00004ff4   0x00004ff4   0x0000000c   Code   RO         2815    .text.iwdgInit      dev_iwdg.o
    0x00005000   0x00005000   0x00000008   Code   RO         2813    .text.iwdgRefresh   dev_iwdg.o
    0x00005008   0x00005008   0x0000001c   Code   RO         2410    .text.ledInit       led.o
    0x00005024   0x00005024   0x00000010   Code   RO          890    .text.macIsEqual    com_mac.o
    0x00005034   0x00005034   0x0000002a   Code   RO         2181    .text.macIsNode     zgb_mac.o
    0x0000505e   0x0000505e   0x0000001a   Code   RO          894    .text.macIsNodeFF   com_mac.o
    0x00005078   0x00005078   0x00000008   Code   RO         2183    .text.macIsOk       zgb_mac.o
    0x00005080   0x00005080   0x00000008   Code   RO         2175    .text.macMyGet      zgb_mac.o
    0x00005088   0x00005088   0x00000022   Code   RO         2177    .text.macToHexStr   zgb_mac.o
    0x000050aa   0x000050aa   0x00000002   PAD
    0x000050ac   0x000050ac   0x0000008c   Code   RO          110    .text.main          main.o
    0x00005138   0x00005138   0x00000028   Code   RO         2801    .text.modInit       mod.o
    0x00005160   0x00005160   0x00000018   Code   RO         2139    .text.modIoZgbSleep  zgb_io.o
    0x00005178   0x00005178   0x00000040   Code   RO         2147    .text.modIoZgbWakeup  zgb_io.o
    0x000051b8   0x000051b8   0x0000004c   Code   RO         2509    .text.modMasterStatePoll  sn_master_state.o
    0x00005204   0x00005204   0x00000044   Code   RO         2505    .text.modMasterStateSet  sn_master_state.o
    0x00005248   0x00005248   0x00000014   Code   RO         2196    .text.modZgbStateIsOk  zgb_state.o
    0x0000525c   0x0000525c   0x0000004a   Code   RO         2198    .text.modZgbStatePoll  zgb_state.o
    0x000052a6   0x000052a6   0x00000002   PAD
    0x000052a8   0x000052a8   0x0000015c   Code   RO         2655    .text.n2sCB         sn_n2s.o
    0x00005404   0x00005404   0x00000010   Code   RO         2539    .text.n2sCtrlPackGet  sn_n2s.o
    0x00005414   0x00005414   0x00000014   Code   RO         2533    .text.n2sIsHave     sn_n2s.o
    0x00005428   0x00005428   0x0000004c   Code   RO         2661    .text.n2sTxCmdOnRxOkRsp  sn_n2s.o
    0x00005474   0x00005474   0x0000000a   Code   RO         2000    .text.paraAesKeyGet  f_txt_frame_dpara_base.o
    0x0000547e   0x0000547e   0x00000008   Code   RO         1994    .text.paraAesSwitchGet  f_txt_frame_dpara_base.o
    0x00005486   0x00005486   0x00000024   Code   RO         1992    .text.paraAesSwitchSet  f_txt_frame_dpara_base.o
    0x000054aa   0x000054aa   0x00000012   Code   RO         2030    .text.paraBatteryGet  f_txt_frame_dpara_base.o
    0x000054bc   0x000054bc   0x00000010   Code   RO         1982    .text.paraCfgVerGet  f_txt_frame_dpara_base.o
    0x000054cc   0x000054cc   0x00000014   Code   RO         1980    .text.paraCfgVerSet  f_txt_frame_dpara_base.o
    0x000054e0   0x000054e0   0x00000012   Code   RO         2053    .text.paraCmdCtrlGet  f_txt_frame_dpara_ctrl.o
    0x000054f2   0x000054f2   0x0000001c   Code   RO         2051    .text.paraCmdCtrlSet  f_txt_frame_dpara_ctrl.o
    0x0000550e   0x0000550e   0x0000000e   Code   RO         2047    .text.paraCtrlModeGet  f_txt_frame_dpara_ctrl.o
    0x0000551c   0x0000551c   0x00000024   Code   RO         2045    .text.paraCtrlModeSet  f_txt_frame_dpara_ctrl.o
    0x00005540   0x00005540   0x00000010   Code   RO         2059    .text.paraCtrlOpenSecGet  f_txt_frame_dpara_ctrl.o
    0x00005550   0x00005550   0x00000014   Code   RO         2057    .text.paraCtrlOpenSecSet  f_txt_frame_dpara_ctrl.o
    0x00005564   0x00005564   0x00000004   Code   RO         2077    .text.paraCtrlPackGet  f_txt_frame_dpara_ctrl.o
    0x00005568   0x00005568   0x00000024   Code   RO         2073    .text.paraCtrlPackSet  f_txt_frame_dpara_ctrl.o
    0x0000558c   0x0000558c   0x00000024   Code   RO         2079    .text.paraCtrlPackToServerGet  f_txt_frame_dpara_ctrl.o
    0x000055b0   0x000055b0   0x0000001c   Code   RO         1988    .text.paraDefSet    f_txt_frame_dpara_base.o
    0x000055cc   0x000055cc   0x00000004   Code   RO         2024    .text.paraDevTypeGet  f_txt_frame_dpara_base.o
    0x000055d0   0x000055d0   0x0000001e   Code   RO         2065    .text.paraPeriodCtrlGet  f_txt_frame_dpara_ctrl.o
    0x000055ee   0x000055ee   0x00000028   Code   RO         2063    .text.paraPeriodCtrlSet  f_txt_frame_dpara_ctrl.o
    0x00005616   0x00005616   0x00000010   Code   RO         2010    .text.paraSleepSecGet  f_txt_frame_dpara_base.o
    0x00005626   0x00005626   0x00000014   Code   RO         2008    .text.paraSleepSecSet  f_txt_frame_dpara_base.o
    0x0000563a   0x0000563a   0x00000004   Code   RO         2020    .text.paraVerGet    f_txt_frame_dpara_base.o
    0x0000563e   0x0000563e   0x00000010   Code   RO         2016    .text.paraWorkSecGet  f_txt_frame_dpara_base.o
    0x0000564e   0x0000564e   0x00000014   Code   RO         2014    .text.paraWorkSecSet  f_txt_frame_dpara_base.o
    0x00005662   0x00005662   0x00000008   Code   RO         2100    .text.paraZigbeeAutoNetGet  f_txt_frame_dpara_zgb.o
    0x0000566a   0x0000566a   0x00000008   Code   RO         2112    .text.paraZigbeeInfoGet  f_txt_frame_dpara_zgb.o
    0x00005672   0x00005672   0x00000008   Code   RO         2104    .text.paraZigbeeLqiGet  f_txt_frame_dpara_zgb.o
    0x0000567a   0x0000567a   0x00000010   Code   RO         2108    .text.paraZigbeeWorkStateGet  f_txt_frame_dpara_zgb.o
    0x0000568a   0x0000568a   0x00000002   PAD
    0x0000568c   0x0000568c   0x00000058   Code   RO         2002    .text.para_aes_key_exe  f_txt_frame_dpara_base.o
    0x000056e4   0x000056e4   0x00000058   Code   RO         1996    .text.para_aes_switch_exe  f_txt_frame_dpara_base.o
    0x0000573c   0x0000573c   0x00000044   Code   RO         2032    .text.para_battery_exe  f_txt_frame_dpara_base.o
    0x00005780   0x00005780   0x0000005c   Code   RO         2055    .text.para_cmd_ctrl_exe  f_txt_frame_dpara_ctrl.o
    0x000057dc   0x000057dc   0x00000050   Code   RO         1984    .text.para_config_ver_exe  f_txt_frame_dpara_base.o
    0x0000582c   0x0000582c   0x0000005c   Code   RO         2049    .text.para_ctrl_mode_exe  f_txt_frame_dpara_ctrl.o
    0x00005888   0x00005888   0x00000078   Code   RO         2081    .text.para_ctrl_pack_exe  f_txt_frame_dpara_ctrl.o
    0x00005900   0x00005900   0x00000048   Code   RO         1990    .text.para_def_exe  f_txt_frame_dpara_base.o
    0x00005948   0x00005948   0x00000044   Code   RO         2026    .text.para_dev_type_exe  f_txt_frame_dpara_base.o
    0x0000598c   0x0000598c   0x00000044   Code   RO         2028    .text.para_heartbeat_exe  f_txt_frame_dpara_base.o
    0x000059d0   0x000059d0   0x0000005c   Code   RO         2061    .text.para_open_sec_exe  f_txt_frame_dpara_ctrl.o
    0x00005a2c   0x00005a2c   0x00000050   Code   RO         2067    .text.para_period_ctrl_exe  f_txt_frame_dpara_ctrl.o
    0x00005a7c   0x00005a7c   0x00000020   Code   RO         2006    .text.para_reboot_exe  f_txt_frame_dpara_base.o
    0x00005a9c   0x00005a9c   0x00000054   Code   RO         2012    .text.para_sleep_sec_exe  f_txt_frame_dpara_base.o
    0x00005af0   0x00005af0   0x0000003c   Code   RO         1967    .text.para_uart485_exe  f_txt_frame_dpara_485.o
    0x00005b2c   0x00005b2c   0x0000004c   Code   RO         2022    .text.para_ver_exe  f_txt_frame_dpara_base.o
    0x00005b78   0x00005b78   0x0000005c   Code   RO         2018    .text.para_work_sec_exe  f_txt_frame_dpara_base.o
    0x00005bd4   0x00005bd4   0x00000048   Code   RO         2102    .text.para_zigbee_auto_net_exe  f_txt_frame_dpara_zgb.o
    0x00005c1c   0x00005c1c   0x00000050   Code   RO         2114    .text.para_zigbee_info_exe  f_txt_frame_dpara_zgb.o
    0x00005c6c   0x00005c6c   0x0000003c   Code   RO         2106    .text.para_zigbee_lqi_exe  f_txt_frame_dpara_zgb.o
    0x00005ca8   0x00005ca8   0x00000040   Code   RO         2110    .text.para_zigbee_state_exe  f_txt_frame_dpara_zgb.o
    0x00005ce8   0x00005ce8   0x00000030   Code   RO         2098    .text.para_zigbee_to_def_exe  f_txt_frame_dpara_zgb.o
    0x00005d18   0x00005d18   0x00000038   Code   RO         2096    .text.para_zigbee_to_reset_exe  f_txt_frame_dpara_zgb.o
    0x00005d50   0x00005d50   0x00000028   Code   RO          944    .text.queueDe       com_queue.o
    0x00005d78   0x00005d78   0x0000002c   Code   RO          942    .text.queueEn       com_queue.o
    0x00005da4   0x00005da4   0x00000060   Code   RO          930    .text.queueInit     com_queue.o
    0x00005e04   0x00005e04   0x0000000e   Code   RO          936    .text.queueIsEmpty  com_queue.o
    0x00005e12   0x00005e12   0x00000028   Code   RO         1870    .text.resFrameCreate  f_response_frame.o
    0x00005e3a   0x00005e3a   0x0000001e   Code   RO         1862    .text.rspFrameCheckGet  f_response_frame.o
    0x00005e58   0x00005e58   0x00000014   Code   RO         1864    .text.rspFrameCheckIsOk  f_response_frame.o
    0x00005e6c   0x00005e6c   0x0000000a   Code   RO         1858    .text.rspFrameLenIsOk  f_response_frame.o
    0x00005e76   0x00005e76   0x00000020   Code   RO         1868    .text.rspFrameUnpack  f_response_frame.o
    0x00005e96   0x00005e96   0x00000056   Code   RO         1866    .text.rspFrameUnpackNotMac  f_response_frame.o
    0x00005eec   0x00005eec   0x00000018   Code   RO         2489    .text.snChInit      sn_ch.o
    0x00005f04   0x00005f04   0x00000014   Code   RO         2487    .text.snChIs485     sn_ch.o
    0x00005f18   0x00005f18   0x0000000c   Code   RO         2473    .text.snInit        sn.o
    0x00005f24   0x00005f24   0x0000000c   Code   RO         2469    .text.snInit1       sn.o
    0x00005f30   0x00005f30   0x00000018   Code   RO         2471    .text.snInit2       sn.o
    0x00005f48   0x00005f48   0x00000012   Code   RO         2714    .text.snIsIdle      sn_rx.o
    0x00005f5a   0x00005f5a   0x00000002   PAD
    0x00005f5c   0x00005f5c   0x0000000c   Code   RO         2511    .text.snMasterStateInit  sn_master_state.o
    0x00005f68   0x00005f68   0x00000010   Code   RO         2525    .text.snN2sCurIdIsCtrlPackGet  sn_n2s.o
    0x00005f78   0x00005f78   0x0000004c   Code   RO         2665    .text.snN2sInit     sn_n2s.o
    0x00005fc4   0x00005fc4   0x00000010   Code   RO         2531    .text.snN2sIsIng    sn_n2s.o
    0x00005fd4   0x00005fd4   0x00000014   Code   RO         2527    .text.snN2sIsRspCurTxCmdSid  sn_n2s.o
    0x00005fe8   0x00005fe8   0x0000004c   Code   RO         2653    .text.snN2sOnRsp    sn_n2s.o
    0x00006034   0x00006034   0x0000000c   Code   RO         2529    .text.snN2sPoll     sn_n2s.o
    0x00006040   0x00006040   0x00000014   Code   RO         2696    .text.snN2sStateInit  sn_n2s_state.o
    0x00006054   0x00006054   0x00000008   Code   RO         2541    .text.snN2sTxCBset  sn_n2s.o
    0x0000605c   0x0000605c   0x00000108   Code   RO         2663    .text.snOnRx        sn_n2s.o
    0x00006164   0x00006164   0x00000008   Code   RO         2467    .text.snPoll        sn.o
    0x0000616c   0x0000616c   0x000001b0   Code   RO         2710    .text.snRx          sn_rx.o
    0x0000631c   0x0000631c   0x00000020   Code   RO         2716    .text.snRxInit      sn_rx.o
    0x0000633c   0x0000633c   0x0000003c   Code   RO         2741    .text.snRxQueueDe   sn_rx_queue.o
    0x00006378   0x00006378   0x00000030   Code   RO         2739    .text.snRxQueueEn   sn_rx_queue.o
    0x000063a8   0x000063a8   0x00000034   Code   RO         2743    .text.snRxQueueInit  sn_rx_queue.o
    0x000063dc   0x000063dc   0x00000010   Code   RO         2735    .text.snRxQueueIsEmpty  sn_rx_queue.o
    0x000063ec   0x000063ec   0x000000a0   Code   RO         2761    .text.snRxUnpack    sn_rx_unpack.o
    0x0000648c   0x0000648c   0x0000000c   Code   RO         2763    .text.snRxUnpackInit  sn_rx_unpack.o
    0x00006498   0x00006498   0x00000008   Code   RO         1574    .text.timerInit     timer.o
    0x000064a0   0x000064a0   0x0000003c   Code   RO         1578    .text.timerStart    timer.o
    0x000064dc   0x000064dc   0x0000000e   Code   RO         1582    .text.timerStartSec  timer.o
    0x000064ea   0x000064ea   0x00000016   Code   RO         1584    .text.timerStop     timer.o
    0x00006500   0x00006500   0x00000022   Code   RO         1905    .text.txtFrameCheckGet  f_txt_frame.o
    0x00006522   0x00006522   0x00000014   Code   RO         1907    .text.txtFrameCheckIsOk  f_txt_frame.o
    0x00006536   0x00006536   0x0000003a   Code   RO         1917    .text.txtFrameCreateN2S  f_txt_frame.o
    0x00006570   0x00006570   0x0000000a   Code   RO         1893    .text.txtFrameEncBitClear  f_txt_frame.o
    0x0000657a   0x0000657a   0x0000000a   Code   RO         1891    .text.txtFrameEncBitSet  f_txt_frame.o
    0x00006584   0x00006584   0x00000010   Code   RO         2690    .text.txtFrameExeStateIsExe  sn_n2s_state.o
    0x00006594   0x00006594   0x00000010   Code   RO         2688    .text.txtFrameExeStateIsUnpack  sn_n2s_state.o
    0x000065a4   0x000065a4   0x00000010   Code   RO         2692    .text.txtFrameExeStateIsWaitRspResport  sn_n2s_state.o
    0x000065b4   0x000065b4   0x000000a4   Code   RO         2694    .text.txtFrameExeStateOnEvent  sn_n2s_state.o
    0x00006658   0x00006658   0x0000000a   Code   RO         1883    .text.txtFrameHeadIsOk  f_txt_frame.o
    0x00006662   0x00006662   0x00000014   Code   RO         1895    .text.txtFrameLenIsOk  f_txt_frame.o
    0x00006676   0x00006676   0x00000004   Code   RO         1909    .text.txtFrameOnErrIsToRsp  f_txt_frame.o
    0x0000667a   0x0000667a   0x00000020   Code   RO         1915    .text.txtFrameUnpack  f_txt_frame.o
    0x0000669a   0x0000669a   0x00000044   Code   RO         1911    .text.txtFrameUnpackHeadNotMac  f_txt_frame.o
    0x000066de   0x000066de   0x00000074   Code   RO         1913    .text.txtFrameUnpackNotMac  f_txt_frame.o
    0x00006752   0x00006752   0x00000004   Code   RO         1889    .text.txtFrameVerIsEnc  f_txt_frame.o
    0x00006756   0x00006756   0x0000000e   Code   RO         1887    .text.txtFrameVerIsOk  f_txt_frame.o
    0x00006764   0x00006764   0x00000008   Code   RO         1060    .text.u16splitToByteHL  com_var.o
    0x0000676c   0x0000676c   0x00000008   Code   RO         1062    .text.u16splitToByteLH  com_var.o
    0x00006774   0x00006774   0x00000010   Code   RO         1066    .text.u32splitToByte  com_var.o
    0x00006784   0x00006784   0x00000064   Code   RO         1603    .text.uartPackInit  uart_pack.o
    0x000067e8   0x000067e8   0x00000008   Code   RO         1042    .text.valBitSet0    com_var.o
    0x000067f0   0x000067f0   0x00000008   Code   RO         1040    .text.valBitSet1    com_var.o
    0x000067f8   0x000067f8   0x0000002c   Code   RO         2271    .text.zcmdAutoNet   zgb_cmd.o
    0x00006824   0x00006824   0x00000018   Code   RO         2269    .text.zcmdDef       zgb_cmd.o
    0x0000683c   0x0000683c   0x00000014   Code   RO         2263    .text.zcmdDevInfoGet  zgb_cmd.o
    0x00006850   0x00006850   0x00000030   Code   RO         2265    .text.zcmdDevInfoSet  zgb_cmd.o
    0x00006880   0x00006880   0x00000014   Code   RO         2275    .text.zcmdLqiGet    zgb_cmd.o
    0x00006894   0x00006894   0x00000014   Code   RO         2267    .text.zcmdReboot    zgb_cmd.o
    0x000068a8   0x000068a8   0x000000f8   Code   RO         2261    .text.zcmdRx        zgb_cmd.o
    0x000069a0   0x000069a0   0x00000140   Code   RO         2279    .text.zcmdTxCB      zgb_cmd.o
    0x00006ae0   0x00006ae0   0x00000014   Code   RO         2273    .text.zcmdWorkStateGet  zgb_cmd.o
    0x00006af4   0x00006af4   0x00000028   Code   RO         2281    .text.zgbCmdInit    zgb_cmd.o
    0x00006b1c   0x00006b1c   0x00000014   Code   RO         2301    .text.zgbInit       zgb.o
    0x00006b30   0x00006b30   0x00000014   Code   RO         2161    .text.zgbIoInit     zgb_io.o
    0x00006b44   0x00006b44   0x0000000c   Code   RO         2202    .text.zgbStateInit  zgb_state.o
    0x00006b50   0x00006b50   0x00000050   Code   RO         2218    .text.zgbUartInit   zgb_uart.o
    0x00006ba0   0x00006ba0   0x00000044   Code   RO         2230    .text.zgbUartIsIdle  zgb_uart.o
    0x00006be4   0x00006be4   0x0000002c   Code   RO         2216    .text.zgbUartTx     zgb_uart.o
    0x00006c10   0x00006c10   0x00000034   Code   RO         2228    .text.zgbUartTxPoll  zgb_uart.o
    0x00006c44   0x00006c44   0x00000010   Code   RO         2255    .text.zigbeeAutoNetGet  zgb_cmd.o
    0x00006c54   0x00006c54   0x0000001c   Code   RO         2259    .text.zigbeeInfoRfGet  zgb_cmd.o
    0x00006c70   0x00006c70   0x0000000c   Code   RO         2257    .text.zigbeeLqiGet  zgb_cmd.o
    0x00006c7c   0x00006c7c   0x00000034   Code   RO         2251    .text.zigbeeMyMacGet  zgb_cmd.o
    0x00006cb0   0x00006cb0   0x00000024   Code   RO         2253    .text.zigbeeWorkStateGet  zgb_cmd.o
    0x00006cd4   0x00006cd4   0x00000028   Code   RO         3194    i.__0sprintf        mc_p.l(printfa.o)
    0x00006cfc   0x00006cfc   0x0000002c   Code   RO         3197    i.__0vsnprintf      mc_p.l(printfa.o)
    0x00006d28   0x00006d28   0x0000002e   Code   RO         3369    i.__ARM_clz         mf_p.l(depilogue.o)
    0x00006d56   0x00006d56   0x00000002   PAD
    0x00006d58   0x00006d58   0x00000064   Code   RO         3224    i.__free$realloc    mc_p.l(mallocr.o)
    0x00006dbc   0x00006dbc   0x00000048   Code   RO         3225    i.__malloc$realloc  mc_p.l(mallocr.o)
    0x00006e04   0x00006e04   0x0000000e   Code   RO         3382    i.__scatterload_copy  mc_p.l(handlers.o)
    0x00006e12   0x00006e12   0x00000002   Code   RO         3383    i.__scatterload_null  mc_p.l(handlers.o)
    0x00006e14   0x00006e14   0x0000000e   Code   RO         3384    i.__scatterload_zeroinit  mc_p.l(handlers.o)
    0x00006e22   0x00006e22   0x00000002   PAD
    0x00006e24   0x00006e24   0x00000174   Code   RO         3199    i._fp_digits        mc_p.l(printfa.o)
    0x00006f98   0x00006f98   0x000006ec   Code   RO         3200    i._printf_core      mc_p.l(printfa.o)
    0x00007684   0x00007684   0x00000020   Code   RO         3201    i._printf_post_padding  mc_p.l(printfa.o)
    0x000076a4   0x000076a4   0x0000002c   Code   RO         3202    i._printf_pre_padding  mc_p.l(printfa.o)
    0x000076d0   0x000076d0   0x00000016   Code   RO         3203    i._snputc           mc_p.l(printfa.o)
    0x000076e6   0x000076e6   0x0000000a   Code   RO         3204    i._sputc            mc_p.l(printfa.o)
    0x000076f0   0x000076f0   0x00000050   Code   RO         3226    i.internal_alloc    mc_p.l(mallocr.o)
    0x00007740   0x00007740   0x0000000c   Data   RO         2947    .constdata          mc_p.l(mktime.o)
    0x0000774c   0x0000774c   0x0000000c   Data   RO         3281    .constdata          mc_p.l(localtime_i.o)
    0x00007758   0x00007758   0x0000005c   Data   RO         1953    .rodata._dpackParaExeArr  f_txt_frame_data.o
    0x000077b4   0x000077b4   0x0000006c   Data   RO         2670    .rodata._n2sArr     sn_n2s.o
    0x00007820   0x00007820   0x0000006c   Data   RO         2671    .rodata._rspArr     sn_n2s.o
    0x0000788c   0x0000788c   0x00000005   Data   RO         2286    .rodata._zcmdDevInfoGet.pCmd  zgb_cmd.o
    0x00007891   0x00007891   0x00000005   Data   RO         2287    .rodata._zcmdWorkStateGet.pCmd  zgb_cmd.o
    0x00007896   0x00007896   0x0000002e   Data   RO         1952    .rodata.paraIdArr   f_txt_frame_data.o
    0x000078c4   0x000078c4   0x00000020   Data   RO          248    .rodata.pu32PcgTimer4M  flash.o
    0x000078e4   0x000078e4   0x00000014   Data   RO         1840    .rodata.str1.1      aes_mod.o
    0x000078f8   0x000078f8   0x00000004   Data   RO         1677    .rodata.strCmdAesHead  dbg_cmd_aes.o
    0x000078fc   0x000078fc   0x00000007   Data   RO         1681    .rodata.strCmdAesKeyGet  dbg_cmd_aes.o
    0x00007903   0x00007903   0x00000007   Data   RO         1682    .rodata.strCmdAesKeySet  dbg_cmd_aes.o
    0x0000790a   0x0000790a   0x0000000a   Data   RO         1678    .rodata.strCmdAesSwitchGet  dbg_cmd_aes.o
    0x00007914   0x00007914   0x0000000b   Data   RO         1680    .rodata.strCmdAesSwitchSet0  dbg_cmd_aes.o
    0x0000791f   0x0000791f   0x0000000b   Data   RO         1679    .rodata.strCmdAesSwitchSet1  dbg_cmd_aes.o
    0x0000792a   0x0000792a   0x00000008   Data   RO         1697    .rodata.strCmdDevCtrlInfoGet  dbg_cmd_dev.o
    0x00007932   0x00007932   0x00000004   Data   RO         1696    .rodata.strCmdDevHead  dbg_cmd_dev.o
    0x00007936   0x00007936   0x00000004   Data   RO         1733    .rodata.strCmdMacGet  dbg_cmd_mac.o
    0x0000793a   0x0000793a   0x00000004   Data   RO         1732    .rodata.strCmdMacHead  dbg_cmd_mac.o
    0x0000793e   0x0000793e   0x00000009   Data   RO         1715    .rodata.strCmdUartPassHead  dbg_cmd_uart_pass.o
    0x00007947   0x00007947   0x00000008   Data   RO         1716    .rodata.strCmdUartZigbeeOn  dbg_cmd_uart_pass.o
    0x0000794f   0x0000794f   0x00000004   Data   RO         1663    .rodata.strDebugCmdHead  dbg_cmd.o
    0x00007953   0x00007953   0x00000003   Data   RO         2285    .rodata.zcmdForeverHead  zgb_cmd.o
    0x00007956   0x00007956   0x00000003   Data   RO         2284    .rodata.zcmdTempHead  zgb_cmd.o
    0x00007959   0x00007959   0x00000003   PAD
    0x0000795c   0x0000795c   0x00000020   Data   RO         3380    Region$$Table       anon$$obj.o


    Execution Region RW_IRAM1 (Exec base: 0x20000000, Load base: 0x00007980, Size: 0x00003438, Max: 0x00004000, ABSOLUTE)

    Exec Addr    Load Addr    Size         Type   Attr      Idx    E Section Name        Object

    0x20000000   0x00007980   0x00000004   Data   RW         3283    .data               mc_p.l(mvars.o)
    0x20000004   0x00007984   0x00000004   Data   RW         3284    .data               mc_p.l(mvars.o)
    0x20000008   0x00007988   0x00000008   Data   RW         2673    .data..L_MergedGlobals  sn_n2s.o
    0x20000010   0x00007990   0x00000004   Data   RW         2924    .data..L_MergedGlobals  dev.o
    0x20000014   0x00007994   0x00000004   Data   RW           98    .data.SystemCoreClock  system_hc32l17x.o
    0x20000018   0x00007998   0x00000001   Data   RW         2084    .data._paraCtrlTimerId  f_txt_frame_dpara_ctrl.o
    0x20000019   0x00007999   0x00000001   Data   RW         2454    .data._tid          led_err.o
    0x2000001a   0x0000799a   0x00000006   PAD
    0x20000020        -       0x00000008   Zero   RW         1358    .bss..L_MergedGlobals  dri_timer.o
    0x20000028   0x0000799a   0x00000008   PAD
    0x20000030        -       0x00000024   Zero   RW         1649    .bss..L_MergedGlobals  dbg_uart.o
    0x20000054   0x0000799a   0x0000000c   PAD
    0x20000060        -       0x00000024   Zero   RW         2233    .bss..L_MergedGlobals  zgb_uart.o
    0x20000084   0x0000799a   0x0000000c   PAD
    0x20000090        -       0x00000044   Zero   RW         2289    .bss..L_MergedGlobals  zgb_cmd.o
    0x200000d4        -       0x00000002   Zero   RW         2455    .bss..L_MergedGlobals  led_err.o
    0x200000d6   0x0000799a   0x00000002   PAD
    0x200000d8        -       0x00000006   Zero   RW         2721    .bss..L_MergedGlobals  sn_rx.o
    0x200000de   0x0000799a   0x00000002   PAD
    0x200000e0        -       0x00000010   Zero   RW         2880    .bss..L_MergedGlobals  dev_state.o
    0x200000f0        -       0x0000000c   Zero   RW         2906    .bss..L_MergedGlobals  dev_vbatt.o
    0x200000fc   0x0000799a   0x00000004   PAD
    0x20000100        -       0x0000002c   Zero   RW         2674    .bss..L_MergedGlobals.9  sn_n2s.o
    0x2000012c        -       0x00000001   Zero   RW         2283    .bss._Lqi           zgb_cmd.o
    0x2000012d        -       0x00000001   Zero   RW         1419    .bss._cfgModify     cfg_com.o
    0x2000012e   0x0000799a   0x00000002   PAD
    0x20000130        -       0x00000004   Zero   RW         1494    .bss._cfgPageId     cfg_page_id.o
    0x20000134        -       0x00000004   Zero   RW         2493    .bss._ch            sn_ch.o
    0x20000138        -       0x00000004   Zero   RW         1590    .bss._cnt           timer.o
    0x2000013c        -       0x00000004   Zero   RW         2834    .bss._devSleepSec   dev_sleep.o
    0x20000140        -       0x00000004   Zero   RW         2698    .bss._enExeState    sn_n2s_state.o
    0x20000144        -       0x00000200   Zero   RW         1186    .bss._flashTempBuf  dri_flash_f_eep.o
    0x20000344        -       0x00000004   Zero   RW         1140    .bss._funAdcCB      dri_adc.o
    0x20000348        -       0x00000001   Zero   RW         2414    .bss._ledCnt        led.o
    0x20000349   0x0000799a   0x00000003   PAD
    0x2000034c        -       0x00000004   Zero   RW         2513    .bss._masterState   sn_master_state.o
    0x20000350        -       0x00000200   Zero   RW         2720    .bss._pBuf          sn_rx.o
    0x20000550        -       0x00000080   Zero   RW         1648    .bss._pDbgBuf       dbg_uart.o
    0x200005d0        -       0x00000004   Zero   RW         2745    .bss._pQVsnRx       sn_rx_queue.o
    0x200005d4        -       0x00000100   Zero   RW         2232    .bss._pZgbBuf       zgb_uart.o
    0x200006d4        -       0x00000001   Zero   RW         1718    .bss._passPort      dbg_cmd_uart_pass.o
    0x200006d5   0x0000799a   0x00000003   PAD
    0x200006d8        -       0x0000000c   Zero   RW         2083    .bss._rxPara        f_txt_frame_dpara_ctrl.o
    0x200006e4        -       0x00000004   Zero   RW         2719    .bss._snRxTimerCB._len  sn_rx.o
    0x200006e8        -       0x00000100   Zero   RW         2718    .bss._snRxTimerCB._pFrame  sn_rx.o
    0x200007e8        -       0x00000004   Zero   RW         2765    .bss._snRxUnpackRst  sn_rx_unpack.o
    0x200007ec        -       0x00000048   Zero   RW         1418    .bss._stAppConfig   cfg_com.o
    0x20000834        -       0x00000001   Zero   RW         2337    .bss._stCtrl.0      ctrl.o
    0x20000835   0x0000799a   0x00000003   PAD
    0x20000838        -       0x000000ee   Zero   RW         2672    .bss._stExeFrame    sn_n2s.o
    0x20000926   0x0000799a   0x00000002   PAD
    0x20000928        -       0x000000ee   Zero   RW         2669    .bss._stRfTxFrame   sn_n2s.o
    0x20000a16   0x0000799a   0x00000002   PAD
    0x20000a18        -       0x00000200   Zero   RW         1591    .bss._timers        timer.o
    0x20000c18        -       0x00000004   Zero   RW         1382    .bss._uartIrqCB     dri_uart_debug.o
    0x20000c1c        -       0x00000004   Zero   RW         1406    .bss._uartIrqCB     dri_uart_zgb.o
    0x20000c20        -       0x00000004   Zero   RW         2204    .bss._zigbeeState   zgb_state.o
    0x20000c24        -       0x00000001   Zero   RW          557    .bss.bDacPeriBac    sysctrl.o
    0x20000c25   0x0000799a   0x00000003   PAD
    0x20000c28        -       0x00000004   Zero   RW         1357    .bss.g32TimerCnt    dri_timer.o
    0x20000c2c        -       0x00000004   Zero   RW         1072    .bss.gB1            com_var.o
    0x20000c30        -       0x00000004   Zero   RW         1160    .bss.gSysFreq       dri_clk.o
    0x20000c34   0x0000799a   0x00000004   PAD
    0x20000c38        -       0x00001c00   Zero   RW            2    HEAP                startup_hc32l17x.o
    0x20002838        -       0x00000c00   Zero   RW            1    STACK               startup_hc32l17x.o


==============================================================================

Image component sizes


      Code (inc. data)   RO Data    RW Data    ZI Data      Debug   Object Name

       220         20          0          0          0      20129   adc.o
       316          4          0          0          0       4045   aes.o
       170          0          0          0          0       3076   aes_128.o
        36          0          0          0          0       1397   aes_key.o
        18          0          0          0          0       1178   aes_key12.o
        60          4          0          0          0       1296   aes_key4.o
       482        100         20          0          0       1779   aes_mod.o
        16          0          0          0          0       1050   aes_switch.o
        36          4          0          0          0       1345   bgr.o
       276         24          0          0          0      30104   bt.o
       268         52          0          0          0       1974   cfg.o
       100          0          0          0          0       1521   cfg_aes.o
       180         40          0          0          0       1827   cfg_base.o
         0          0          0          0         73       1122   cfg_com.o
       240         36          0          0          0       2938   cfg_ctrl.o
       180         44          0          0          4       1408   cfg_page_id.o
        24          8          0          0          0       3885   com_atoi.o
         8          0          0          0          0       1121   com_delay.o
        42          0          0          0          0       1464   com_mac.o
        22          0          0          0          0       1548   com_memory.o
       194          0          0          0          0       3495   com_queue.o
       230          0          0          0          0       2894   com_queue_val_len.o
        64          4          0          0          0       1657   com_time.o
       102          0          0          0          4       3916   com_var.o
       556         48          0          0          1       2898   ctrl.o
        26          0          0          0          0        931   ctrl_cmd_ctrl.o
        18          0          0          0          0        899   ctrl_cmd_ctrl_open_sec.o
        34          0          0          0          0       1037   ctrl_mode.o
        12          0          0          0          0        390   dbg.o
       192         20          4          0          0        927   dbg_cmd.o
       280        104         50          0          0       1371   dbg_cmd_aes.o
       100         32         12          0          0        931   dbg_cmd_dev.o
       156         44          8          0          0       1179   dbg_cmd_mac.o
        88          8         17          0          1       2568   dbg_cmd_uart_pass.o
       752         60          0          0        164       7949   dbg_uart.o
       198         16          0          0          0       2626   ddl.o
       216         16          0          4          0       1087   dev.o
        20          0          0          0          0       1031   dev_iwdg.o
       224         24          0          0          4       2005   dev_sleep.o
      1388        352          0          0         16       6766   dev_state.o
       212         28          0          0         12       1621   dev_vbatt.o
       268         28          0          0          0      61526   dri.o
       260          8          0          0          4       7343   dri_adc.o
       256         12          0          0          4       5022   dri_clk.o
       202         32          0          0        512       3340   dri_flash_f_eep.o
        82          0          0          0          0       2740   dri_io_ch.o
       294          0          0          0          0       4141   dri_io_ctrl.o
       178          4          0          0          0       3222   dri_io_led.o
       282          8          0          0          0       4125   dri_io_zgb.o
       268          0          0          0          0       6987   dri_rtc.o
       252         20          0          0         12       4577   dri_timer.o
       340         12          0          0          4       8923   dri_uart_debug.o
       334          8          0          0          4       7530   dri_uart_zgb.o
       218          0          0          0          0       3671   f_response_frame.o
       400          0          0          0          0       5796   f_txt_frame.o
       160         24        138          0          0       5012   f_txt_frame_data.o
        60          8          0          0          0       1376   f_txt_frame_dpara_485.o
      1048         32          0          0          0       6303   f_txt_frame_dpara_base.o
       954         60          0          1         12       6430   f_txt_frame_dpara_ctrl.o
       420         24          0          0          0       3252   f_txt_frame_dpara_zgb.o
       516         24         32          0          0       9730   flash.o
         2          0          0          0          0        390   frame.o
       228         32          0          0          0      71181   gpio.o
       452         16          0          0          0       7277   interrupts_hc32l17x.o
        96         12          0          0          1       1485   led.o
        16          0          0          0          0        504   led_com.o
       240         32          0          1          2       2276   led_err.o
        28          4          0          0          0       1359   lpm.o
       166         16          0          0          0       9277   lpuart.o
       140         56          0          0          0        491   main.o
        40          0          0          0          0        391   mod.o
       480         24          0          0          0      10374   rtc.o
        56          0          0          0          0        682   sn.o
       104         28          0          0          4       1416   sn_ch.o
       156         12          0          0          4       2111   sn_master_state.o
      4008        416        216          8        520      20907   sn_n2s.o
       232         22          0          0          4       2508   sn_n2s_state.o
       538         48          0          0        778       3408   sn_rx.o
       176         64          0          0          4       1869   sn_rx_queue.o
       172         60          0          0          4       2088   sn_rx_unpack.o
        60         22        192          0      10240        620   startup_hc32l17x.o
      1020         88          0          0          1      77263   sysctrl.o
       102         28          0          4          0       4988   system_hc32l17x.o
       292         24          0          0        516       3003   timer.o
       158         12          0          0          0       8621   uart.o
       100          0          0          0          0       2268   uart_pack.o
        56          8          0          0          0       3421   wdt.o
        20          0          0          0          0        394   zgb.o
       948         84         16          0         69       6244   zgb_cmd.o
       188         20          0          0          0       2225   zgb_io.o
        92          0          0          0          0       1621   zgb_mac.o
       186         24          0          0          4       2387   zgb_state.o
       710         52          0          0        292       6989   zgb_uart.o

    ----------------------------------------------------------------------
     25848       2600        740         20      13340     553469   Object Totals
         0          0         32          0          0          0   (incl. Generated)
        38          0          3          2         66          0   (incl. Padding)

    ----------------------------------------------------------------------

      Code (inc. data)   RO Data    RW Data    ZI Data      Debug   Library Member Name

         0          0          0          0          0          0   entry.o
         0          0          0          0          0          0   entry10a.o
         0          0          0          0          0          0   entry11a.o
         8          4          0          0          0          0   entry2.o
         4          0          0          0          0          0   entry5.o
         0          0          0          0          0          0   entry7b.o
         0          0          0          0          0          0   entry8b.o
         8          4          0          0          0          0   entry9a.o
        30          0          0          0          0          0   handlers.o
        40          0          0          0          0         72   idiv.o
        36          8          0          0          0         68   init.o
         0          0          0          0          0          0   iusefp.o
        32          0          0          0          0         68   llshl.o
        38          0          0          0          0         68   llsshr.o
        34          0          0          0          0         68   llushr.o
       116         12         12          0          0         72   localtime_i.o
       252         30          0          0          0        224   mallocr.o
        26          0          0          0          0         72   memcmp.o
        36          0          0          0          0         60   memcpya.o
        36          0          0          0          0        100   memseta.o
       140         16         12          0          0         72   mktime.o
         0          0          0          8          0          0   mvars.o
      2336         98          0          0          0        604   printfa.o
        28          0          0          0          0         68   strcmp.o
        44          0          0          0          0         72   uidiv.o
        96          0          0          0          0         84   uldiv.o
        40          2          0          0          0         68   cdrcmple.o
       356          4          0          0          0        140   dadd.o
       240          6          0          0          0         84   ddiv.o
       236          0          0          0          0        216   depilogue.o
        64         10          0          0          0         68   dfixul.o
       208          6          0          0          0         88   dmul.o

    ----------------------------------------------------------------------
      4488        200         24          8          0       2436   Library Totals
         4          0          0          0          0          0   (incl. Padding)

    ----------------------------------------------------------------------

      Code (inc. data)   RO Data    RW Data    ZI Data      Debug   Library Name

      3340        172         24          8          0       1772   mc_p.l
      1144         28          0          0          0        664   mf_p.l

    ----------------------------------------------------------------------
      4488        200         24          8          0       2436   Library Totals

    ----------------------------------------------------------------------

==============================================================================


      Code (inc. data)   RO Data    RW Data    ZI Data      Debug   

     30336       2800        764         28      13340     553333   Grand Totals
     30336       2800        764         28      13340     553333   ELF Image Totals
     30336       2800        764         28          0          0   ROM Totals

==============================================================================

    Total RO  Size (Code + RO Data)                31100 (  30.37kB)
    Total RW  Size (RW Data + ZI Data)             13368 (  13.05kB)
    Total ROM Size (Code + RO Data + RW Data)      31128 (  30.40kB)

==============================================================================

