Component: ARM Compiler 6.7 Tool: armlink [5c9ef700]

==============================================================================

Image Symbol Table

    Local Symbols

    Symbol Name                              Value     Ov Type        Size  Object(Section)

    RESET                                    0x00000000   Section      192  startup_hc32l17x.o(RESET)
    ../clib/microlib/division.c              0x00000000   Number         0  uidiv.o ABSOLUTE
    ../clib/microlib/init/entry.s            0x00000000   Number         0  entry7b.o ABSOLUTE
    ../clib/microlib/init/entry.s            0x00000000   Number         0  entry7a.o ABSOLUTE
    ../clib/microlib/init/entry.s            0x00000000   Number         0  entry5.o ABSOLUTE
    ../clib/microlib/init/entry.s            0x00000000   Number         0  entry2.o ABSOLUTE
    ../clib/microlib/init/entry.s            0x00000000   Number         0  entry10b.o ABSOLUTE
    ../clib/microlib/init/entry.s            0x00000000   Number         0  entry10a.o ABSOLUTE
    ../clib/microlib/init/entry.s            0x00000000   Number         0  entry.o ABSOLUTE
    ../clib/microlib/init/entry.s            0x00000000   Number         0  entry8a.o ABSOLUTE
    ../clib/microlib/init/entry.s            0x00000000   Number         0  entry11b.o ABSOLUTE
    ../clib/microlib/init/entry.s            0x00000000   Number         0  entry11a.o ABSOLUTE
    ../clib/microlib/init/entry.s            0x00000000   Number         0  entry9b.o ABSOLUTE
    ../clib/microlib/init/entry.s            0x00000000   Number         0  entry9a.o ABSOLUTE
    ../clib/microlib/init/entry.s            0x00000000   Number         0  entry8b.o ABSOLUTE
    ../clib/microlib/string/memset.c         0x00000000   Number         0  memseta.o ABSOLUTE
    ../driver/src/adc.c                      0x00000000   Number         0  adc.o ABSOLUTE
    ../driver/src/ddl.c                      0x00000000   Number         0  ddl.o ABSOLUTE
    ../driver/src/flash.c                    0x00000000   Number         0  flash.o ABSOLUTE
    ../driver/src/gpio.c                     0x00000000   Number         0  gpio.o ABSOLUTE
    ../driver/src/lpm.c                      0x00000000   Number         0  lpm.o ABSOLUTE
    ../driver/src/lpuart.c                   0x00000000   Number         0  lpuart.o ABSOLUTE
    ../driver/src/reset.c                    0x00000000   Number         0  reset.o ABSOLUTE
    ../driver/src/rtc.c                      0x00000000   Number         0  rtc.o ABSOLUTE
    ../driver/src/sysctrl.c                  0x00000000   Number         0  sysctrl.o ABSOLUTE
    ../mcu/common/interrupts_hc32l17x.c      0x00000000   Number         0  interrupts_hc32l17x.o ABSOLUTE
    ../mcu/common/system_hc32l17x.c          0x00000000   Number         0  system_hc32l17x.o ABSOLUTE
    ../source/main.c                         0x00000000   Number         0  main.o ABSOLUTE
    dc.s                                     0x00000000   Number         0  dc.o ABSOLUTE
    handlers.s                               0x00000000   Number         0  handlers.o ABSOLUTE
    init.s                                   0x00000000   Number         0  init.o ABSOLUTE
    startup_hc32l17x.s                       0x00000000   Number         0  startup_hc32l17x.o ABSOLUTE
    .ARM.Collect$$$$00000000                 0x000000c0   Section        0  entry.o(.ARM.Collect$$$$00000000)
    .ARM.Collect$$$$00000001                 0x000000c0   Section        4  entry2.o(.ARM.Collect$$$$00000001)
    .ARM.Collect$$$$00000004                 0x000000c4   Section        4  entry5.o(.ARM.Collect$$$$00000004)
    .ARM.Collect$$$$00000008                 0x000000c8   Section        0  entry7b.o(.ARM.Collect$$$$00000008)
    .ARM.Collect$$$$0000000A                 0x000000c8   Section        0  entry8b.o(.ARM.Collect$$$$0000000A)
    .ARM.Collect$$$$0000000B                 0x000000c8   Section        8  entry9a.o(.ARM.Collect$$$$0000000B)
    .ARM.Collect$$$$0000000D                 0x000000d0   Section        0  entry10a.o(.ARM.Collect$$$$0000000D)
    .ARM.Collect$$$$0000000F                 0x000000d0   Section        0  entry11a.o(.ARM.Collect$$$$0000000F)
    .ARM.Collect$$$$00002712                 0x000000d0   Section        4  entry2.o(.ARM.Collect$$$$00002712)
    __lit__00000000                          0x000000d0   Data           4  entry2.o(.ARM.Collect$$$$00002712)
    .text                                    0x000000d4   Section       60  startup_hc32l17x.o(.text)
    .text                                    0x00000110   Section        0  uidiv.o(.text)
    .text                                    0x0000013c   Section       36  init.o(.text)
    [Anonymous Symbol]                       0x00000160   Section        0  system_hc32l17x.o(.text.$Sub$$main)
    [Anonymous Symbol]                       0x0000016e   Section        0  interrupts_hc32l17x.o(.text.ADC_DAC_IRQHandler)
    [Anonymous Symbol]                       0x0000017c   Section        0  main.o(.text.App_LpUartCfg)
    [Anonymous Symbol]                       0x000001ec   Section        0  main.o(.text.App_LpUartPortCfg)
    [Anonymous Symbol]                       0x0000023a   Section        0  interrupts_hc32l17x.o(.text.CLKTRIM_IRQHandler)
    [Anonymous Symbol]                       0x00000242   Section        0  interrupts_hc32l17x.o(.text.DMAC_IRQHandler)
    [Anonymous Symbol]                       0x0000024c   Section        0  interrupts_hc32l17x.o(.text.EnableNvic)
    __arm_cp.0_0                             0x000002c8   Number         4  interrupts_hc32l17x.o(.text.EnableNvic)
    __arm_cp.0_1                             0x000002cc   Number         4  interrupts_hc32l17x.o(.text.EnableNvic)
    __arm_cp.0_2                             0x000002d0   Number         4  interrupts_hc32l17x.o(.text.EnableNvic)
    __arm_cp.0_3                             0x000002d4   Number         4  interrupts_hc32l17x.o(.text.EnableNvic)
    [Anonymous Symbol]                       0x000002d8   Section        0  interrupts_hc32l17x.o(.text.FLASH_RAM_IRQHandler)
    [Anonymous Symbol]                       0x000002e4   Section        0  ddl.o(.text.GetBit)
    [Anonymous Symbol]                       0x000002f8   Section        0  gpio.o(.text.Gpio_Init)
    __arm_cp.0_0                             0x00000374   Number         4  gpio.o(.text.Gpio_Init)
    __arm_cp.0_1                             0x00000378   Number         4  gpio.o(.text.Gpio_Init)
    __arm_cp.0_3                             0x0000037c   Number         4  gpio.o(.text.Gpio_Init)
    [Anonymous Symbol]                       0x00000380   Section        0  gpio.o(.text.Gpio_SetAfMode)
    __arm_cp.11_0                            0x0000038c   Number         4  gpio.o(.text.Gpio_SetAfMode)
    [Anonymous Symbol]                       0x00000390   Section        0  interrupts_hc32l17x.o(.text.HardFault_Handler)
    [Anonymous Symbol]                       0x000003a0   Section        0  interrupts_hc32l17x.o(.text.I2C0_IRQHandler)
    [Anonymous Symbol]                       0x000003a8   Section        0  interrupts_hc32l17x.o(.text.I2C1_IRQHandler)
    [Anonymous Symbol]                       0x000003b0   Section        0  interrupts_hc32l17x.o(.text.LCD_IRQHandler)
    [Anonymous Symbol]                       0x000003b8   Section        0  interrupts_hc32l17x.o(.text.LPTIM0_1_IRQHandler)
    [Anonymous Symbol]                       0x000003c4   Section        0  interrupts_hc32l17x.o(.text.LPUART0_IRQHandler)
    [Anonymous Symbol]                       0x000003cc   Section        0  interrupts_hc32l17x.o(.text.LPUART1_IRQHandler)
    [Anonymous Symbol]                       0x000003d4   Section        0  lpuart.o(.text.LPUart_ClrStatus)
    [Anonymous Symbol]                       0x000003e4   Section        0  lpuart.o(.text.LPUart_DisableIrq)
    [Anonymous Symbol]                       0x000003f4   Section        0  lpuart.o(.text.LPUart_EnableIrq)
    [Anonymous Symbol]                       0x00000402   Section        0  lpuart.o(.text.LPUart_GetStatus)
    [Anonymous Symbol]                       0x0000040c   Section        0  lpuart.o(.text.LPUart_Init)
    __arm_cp.18_0                            0x0000045c   Number         4  lpuart.o(.text.LPUart_Init)
    LPUart_Init.u32Over                      0x00000460   Number         0  lpuart.o(.text.LPUart_Init)
    [Anonymous Symbol]                       0x0000046c   Section        0  lpuart.o(.text.LPUart_ReceiveData)
    [Anonymous Symbol]                       0x00000472   Section        0  lpuart.o(.text.LPUart_SendDataIt)
    [Anonymous Symbol]                       0x00000480   Section        0  interrupts_hc32l17x.o(.text.LVD_IRQHandler)
    [Anonymous Symbol]                       0x00000488   Section        0  main.o(.text.LpUart1_IRQHandler)
    __arm_cp.3_0                             0x000004f0   Number         4  main.o(.text.LpUart1_IRQHandler)
    __arm_cp.3_1                             0x000004f4   Number         4  main.o(.text.LpUart1_IRQHandler)
    [Anonymous Symbol]                       0x000004f8   Section        0  interrupts_hc32l17x.o(.text.PCA_IRQHandler)
    [Anonymous Symbol]                       0x00000500   Section        0  interrupts_hc32l17x.o(.text.PCNT_IRQHandler)
    [Anonymous Symbol]                       0x00000508   Section        0  interrupts_hc32l17x.o(.text.PORTA_IRQHandler)
    [Anonymous Symbol]                       0x00000510   Section        0  interrupts_hc32l17x.o(.text.PORTB_IRQHandler)
    [Anonymous Symbol]                       0x00000518   Section        0  interrupts_hc32l17x.o(.text.PORTC_E_IRQHandler)
    [Anonymous Symbol]                       0x00000524   Section        0  interrupts_hc32l17x.o(.text.PORTD_F_IRQHandler)
    [Anonymous Symbol]                       0x00000530   Section        0  interrupts_hc32l17x.o(.text.RTC_IRQHandler)
    [Anonymous Symbol]                       0x00000538   Section        0  interrupts_hc32l17x.o(.text.SPI0_IRQHandler)
    [Anonymous Symbol]                       0x00000540   Section        0  interrupts_hc32l17x.o(.text.SPI1_IRQHandler)
    [Anonymous Symbol]                       0x00000548   Section        0  ddl.o(.text.SetBit)
    [Anonymous Symbol]                       0x0000055e   Section        0  interrupts_hc32l17x.o(.text.SysTick_Handler)
    [Anonymous Symbol]                       0x00000568   Section        0  sysctrl.o(.text.Sysctrl_GetHClkFreq)
    __arm_cp.8_0                             0x00000670   Number         4  sysctrl.o(.text.Sysctrl_GetHClkFreq)
    __arm_cp.8_3                             0x00000674   Number         4  sysctrl.o(.text.Sysctrl_GetHClkFreq)
    __arm_cp.8_4                             0x00000678   Number         4  sysctrl.o(.text.Sysctrl_GetHClkFreq)
    __arm_cp.8_5                             0x0000067c   Number         4  sysctrl.o(.text.Sysctrl_GetHClkFreq)
    __arm_cp.8_6                             0x00000680   Number         4  sysctrl.o(.text.Sysctrl_GetHClkFreq)
    __arm_cp.8_7                             0x00000684   Number         4  sysctrl.o(.text.Sysctrl_GetHClkFreq)
    __arm_cp.8_8                             0x00000688   Number         4  sysctrl.o(.text.Sysctrl_GetHClkFreq)
    [Anonymous Symbol]                       0x0000068c   Section        0  sysctrl.o(.text.Sysctrl_GetPClkFreq)
    __arm_cp.9_0                             0x000006a0   Number         4  sysctrl.o(.text.Sysctrl_GetPClkFreq)
    [Anonymous Symbol]                       0x000006a4   Section        0  sysctrl.o(.text.Sysctrl_SetPeripheralGate)
    __arm_cp.18_0                            0x000006e0   Number         4  sysctrl.o(.text.Sysctrl_SetPeripheralGate)
    __arm_cp.18_1                            0x000006e4   Number         4  sysctrl.o(.text.Sysctrl_SetPeripheralGate)
    [Anonymous Symbol]                       0x000006e8   Section        0  system_hc32l17x.o(.text.SystemInit)
    __arm_cp.1_0                             0x00000718   Number         4  system_hc32l17x.o(.text.SystemInit)
    __arm_cp.1_1                             0x0000071c   Number         4  system_hc32l17x.o(.text.SystemInit)
    __arm_cp.1_2                             0x00000720   Number         4  system_hc32l17x.o(.text.SystemInit)
    __arm_cp.1_3                             0x00000724   Number         4  system_hc32l17x.o(.text.SystemInit)
    __arm_cp.1_4                             0x00000728   Number         4  system_hc32l17x.o(.text.SystemInit)
    __arm_cp.1_5                             0x0000072c   Number         4  system_hc32l17x.o(.text.SystemInit)
    __arm_cp.1_6                             0x00000730   Number         4  system_hc32l17x.o(.text.SystemInit)
    [Anonymous Symbol]                       0x00000734   Section        0  interrupts_hc32l17x.o(.text.TIM0_IRQHandler)
    [Anonymous Symbol]                       0x0000073c   Section        0  interrupts_hc32l17x.o(.text.TIM1_IRQHandler)
    [Anonymous Symbol]                       0x00000744   Section        0  interrupts_hc32l17x.o(.text.TIM2_IRQHandler)
    [Anonymous Symbol]                       0x0000074c   Section        0  interrupts_hc32l17x.o(.text.TIM3_IRQHandler)
    [Anonymous Symbol]                       0x00000754   Section        0  interrupts_hc32l17x.o(.text.TIM4_IRQHandler)
    [Anonymous Symbol]                       0x0000075c   Section        0  interrupts_hc32l17x.o(.text.TIM5_IRQHandler)
    [Anonymous Symbol]                       0x00000764   Section        0  interrupts_hc32l17x.o(.text.TIM6_IRQHandler)
    [Anonymous Symbol]                       0x0000076c   Section        0  interrupts_hc32l17x.o(.text.UART0_2_IRQHandler)
    [Anonymous Symbol]                       0x00000778   Section        0  interrupts_hc32l17x.o(.text.UART1_3_IRQHandler)
    [Anonymous Symbol]                       0x00000784   Section        0  interrupts_hc32l17x.o(.text.VC0_IRQHandler)
    [Anonymous Symbol]                       0x0000078c   Section        0  interrupts_hc32l17x.o(.text.VC1_2_IRQHandler)
    [Anonymous Symbol]                       0x00000798   Section        0  interrupts_hc32l17x.o(.text.WDT_IRQHandler)
    [Anonymous Symbol]                       0x000007a0   Section        0  ddl.o(.text.ddl_memclr)
    [Anonymous Symbol]                       0x000007b4   Section        0  main.o(.text.main)
    __arm_cp.0_0                             0x000007c8   Number         4  main.o(.text.main)
    i.__scatterload_copy                     0x000007cc   Section       14  handlers.o(i.__scatterload_copy)
    i.__scatterload_null                     0x000007da   Section        2  handlers.o(i.__scatterload_null)
    i.__scatterload_zeroinit                 0x000007dc   Section       14  handlers.o(i.__scatterload_zeroinit)
    [Anonymous Symbol]                       0x20000008   Section        0  sysctrl.o(.bss.bDacPeriBac)
    bDacPeriBac                              0x20000008   Data           1  sysctrl.o(.bss.bDacPeriBac)
    STACK                                    0x20000010   Section      512  startup_hc32l17x.o(STACK)

    Global Symbols

    Symbol Name                              Value     Ov Type        Size  Object(Section)

    BuildAttributes$$THM_ISAv3M$S$PE$A:L22$X:L11$S22$IEEE1$IW$~IW$USESV6$~STKCKD$USESV7$WCHAR32$ENUMINT$~SHL$OSPACE$EBA8$MICROLIB$REQ8$PRES8$EABIv2 0x00000000   Number         0  anon$$obj.o ABSOLUTE
    __Vectors                                0x00000000   Data           0  startup_hc32l17x.o(RESET)
    Adc_IRQHandler                            - Undefined Weak Reference
    ClkTrim_IRQHandler                        - Undefined Weak Reference
    Dac_IRQHandler                            - Undefined Weak Reference
    Dmac_IRQHandler                           - Undefined Weak Reference
    Flash_IRQHandler                          - Undefined Weak Reference
    I2c0_IRQHandler                           - Undefined Weak Reference
    I2c1_IRQHandler                           - Undefined Weak Reference
    Lcd_IRQHandler                            - Undefined Weak Reference
    LpTim0_IRQHandler                         - Undefined Weak Reference
    LpTim1_IRQHandler                         - Undefined Weak Reference
    LpUart0_IRQHandler                        - Undefined Weak Reference
    Lvd_IRQHandler                            - Undefined Weak Reference
    Pca_IRQHandler                            - Undefined Weak Reference
    Pcnt_IRQHandler                           - Undefined Weak Reference
    PortA_IRQHandler                          - Undefined Weak Reference
    PortB_IRQHandler                          - Undefined Weak Reference
    PortC_IRQHandler                          - Undefined Weak Reference
    PortD_IRQHandler                          - Undefined Weak Reference
    PortE_IRQHandler                          - Undefined Weak Reference
    PortF_IRQHandler                          - Undefined Weak Reference
    Ram_IRQHandler                            - Undefined Weak Reference
    Rtc_IRQHandler                            - Undefined Weak Reference
    Spi0_IRQHandler                           - Undefined Weak Reference
    Spi1_IRQHandler                           - Undefined Weak Reference
    SysTick_IRQHandler                        - Undefined Weak Reference
    Tim0_IRQHandler                           - Undefined Weak Reference
    Tim1_IRQHandler                           - Undefined Weak Reference
    Tim2_IRQHandler                           - Undefined Weak Reference
    Tim3_IRQHandler                           - Undefined Weak Reference
    Tim4_IRQHandler                           - Undefined Weak Reference
    Tim5_IRQHandler                           - Undefined Weak Reference
    Tim6_IRQHandler                           - Undefined Weak Reference
    Uart0_IRQHandler                          - Undefined Weak Reference
    Uart1_IRQHandler                          - Undefined Weak Reference
    Uart2_IRQHandler                          - Undefined Weak Reference
    Uart3_IRQHandler                          - Undefined Weak Reference
    Vc0_IRQHandler                            - Undefined Weak Reference
    Vc1_IRQHandler                            - Undefined Weak Reference
    Vc2_IRQHandler                            - Undefined Weak Reference
    Wdt_IRQHandler                            - Undefined Weak Reference
    __cpp_initialize__aeabi_                  - Undefined Weak Reference
    __cxa_finalize                            - Undefined Weak Reference
    __decompress                              - Undefined Weak Reference
    _clock_init                               - Undefined Weak Reference
    _microlib_exit                            - Undefined Weak Reference
    __Vectors_End                            0x000000c0   Data           0  startup_hc32l17x.o(RESET)
    __Vectors_Size                           0x000000c0   Number         0  startup_hc32l17x.o ABSOLUTE
    __main                                   0x000000c1   Thumb Code     0  entry.o(.ARM.Collect$$$$00000000)
    _main_stk                                0x000000c1   Thumb Code     0  entry2.o(.ARM.Collect$$$$00000001)
    _main_scatterload                        0x000000c5   Thumb Code     0  entry5.o(.ARM.Collect$$$$00000004)
    __main_after_scatterload                 0x000000c9   Thumb Code     0  entry5.o(.ARM.Collect$$$$00000004)
    _main_clock                              0x000000c9   Thumb Code     0  entry7b.o(.ARM.Collect$$$$00000008)
    _main_cpp_init                           0x000000c9   Thumb Code     0  entry8b.o(.ARM.Collect$$$$0000000A)
    _main_init                               0x000000c9   Thumb Code     0  entry9a.o(.ARM.Collect$$$$0000000B)
    __rt_final_cpp                           0x000000d1   Thumb Code     0  entry10a.o(.ARM.Collect$$$$0000000D)
    __rt_final_exit                          0x000000d1   Thumb Code     0  entry11a.o(.ARM.Collect$$$$0000000F)
    Reset_Handler                            0x000000d5   Thumb Code    26  startup_hc32l17x.o(.text)
    NMI_Handler                              0x000000ef   Thumb Code     2  startup_hc32l17x.o(.text)
    SVC_Handler                              0x000000f3   Thumb Code     2  startup_hc32l17x.o(.text)
    PendSV_Handler                           0x000000f5   Thumb Code     2  startup_hc32l17x.o(.text)
    __aeabi_uidiv                            0x00000111   Thumb Code     0  uidiv.o(.text)
    __aeabi_uidivmod                         0x00000111   Thumb Code    44  uidiv.o(.text)
    __scatterload                            0x0000013d   Thumb Code    28  init.o(.text)
    __scatterload_rt2                        0x0000013d   Thumb Code     0  init.o(.text)
    main                                     0x00000161   Thumb Code    14  system_hc32l17x.o(.text.$Sub$$main)
    ADC_DAC_IRQHandler                       0x0000016f   Thumb Code    12  interrupts_hc32l17x.o(.text.ADC_DAC_IRQHandler)
    App_LpUartCfg                            0x0000017d   Thumb Code   116  main.o(.text.App_LpUartCfg)
    App_LpUartPortCfg                        0x000001ed   Thumb Code    78  main.o(.text.App_LpUartPortCfg)
    CLKTRIM_IRQHandler                       0x0000023b   Thumb Code     8  interrupts_hc32l17x.o(.text.CLKTRIM_IRQHandler)
    DMAC_IRQHandler                          0x00000243   Thumb Code     8  interrupts_hc32l17x.o(.text.DMAC_IRQHandler)
    EnableNvic                               0x0000024d   Thumb Code   140  interrupts_hc32l17x.o(.text.EnableNvic)
    FLASH_RAM_IRQHandler                     0x000002d9   Thumb Code    12  interrupts_hc32l17x.o(.text.FLASH_RAM_IRQHandler)
    GetBit                                   0x000002e5   Thumb Code    20  ddl.o(.text.GetBit)
    Gpio_Init                                0x000002f9   Thumb Code   140  gpio.o(.text.Gpio_Init)
    Gpio_SetAfMode                           0x00000381   Thumb Code    16  gpio.o(.text.Gpio_SetAfMode)
    HardFault_Handler                        0x00000391   Thumb Code    16  interrupts_hc32l17x.o(.text.HardFault_Handler)
    I2C0_IRQHandler                          0x000003a1   Thumb Code     8  interrupts_hc32l17x.o(.text.I2C0_IRQHandler)
    I2C1_IRQHandler                          0x000003a9   Thumb Code     8  interrupts_hc32l17x.o(.text.I2C1_IRQHandler)
    LCD_IRQHandler                           0x000003b1   Thumb Code     8  interrupts_hc32l17x.o(.text.LCD_IRQHandler)
    LPTIM0_1_IRQHandler                      0x000003b9   Thumb Code    12  interrupts_hc32l17x.o(.text.LPTIM0_1_IRQHandler)
    LPUART0_IRQHandler                       0x000003c5   Thumb Code     8  interrupts_hc32l17x.o(.text.LPUART0_IRQHandler)
    LPUART1_IRQHandler                       0x000003cd   Thumb Code     8  interrupts_hc32l17x.o(.text.LPUART1_IRQHandler)
    LPUart_ClrStatus                         0x000003d5   Thumb Code    16  lpuart.o(.text.LPUart_ClrStatus)
    LPUart_DisableIrq                        0x000003e5   Thumb Code    16  lpuart.o(.text.LPUart_DisableIrq)
    LPUart_EnableIrq                         0x000003f5   Thumb Code    14  lpuart.o(.text.LPUart_EnableIrq)
    LPUart_GetStatus                         0x00000403   Thumb Code    10  lpuart.o(.text.LPUart_GetStatus)
    LPUart_Init                              0x0000040d   Thumb Code    96  lpuart.o(.text.LPUart_Init)
    LPUart_ReceiveData                       0x0000046d   Thumb Code     6  lpuart.o(.text.LPUart_ReceiveData)
    LPUart_SendDataIt                        0x00000473   Thumb Code    14  lpuart.o(.text.LPUart_SendDataIt)
    LVD_IRQHandler                           0x00000481   Thumb Code     8  interrupts_hc32l17x.o(.text.LVD_IRQHandler)
    LpUart1_IRQHandler                       0x00000489   Thumb Code   112  main.o(.text.LpUart1_IRQHandler)
    PCA_IRQHandler                           0x000004f9   Thumb Code     8  interrupts_hc32l17x.o(.text.PCA_IRQHandler)
    PCNT_IRQHandler                          0x00000501   Thumb Code     8  interrupts_hc32l17x.o(.text.PCNT_IRQHandler)
    PORTA_IRQHandler                         0x00000509   Thumb Code     8  interrupts_hc32l17x.o(.text.PORTA_IRQHandler)
    PORTB_IRQHandler                         0x00000511   Thumb Code     8  interrupts_hc32l17x.o(.text.PORTB_IRQHandler)
    PORTC_E_IRQHandler                       0x00000519   Thumb Code    12  interrupts_hc32l17x.o(.text.PORTC_E_IRQHandler)
    PORTD_F_IRQHandler                       0x00000525   Thumb Code    12  interrupts_hc32l17x.o(.text.PORTD_F_IRQHandler)
    RTC_IRQHandler                           0x00000531   Thumb Code     8  interrupts_hc32l17x.o(.text.RTC_IRQHandler)
    SPI0_IRQHandler                          0x00000539   Thumb Code     8  interrupts_hc32l17x.o(.text.SPI0_IRQHandler)
    SPI1_IRQHandler                          0x00000541   Thumb Code     8  interrupts_hc32l17x.o(.text.SPI1_IRQHandler)
    SetBit                                   0x00000549   Thumb Code    22  ddl.o(.text.SetBit)
    SysTick_Handler                          0x0000055f   Thumb Code     8  interrupts_hc32l17x.o(.text.SysTick_Handler)
    Sysctrl_GetHClkFreq                      0x00000569   Thumb Code   304  sysctrl.o(.text.Sysctrl_GetHClkFreq)
    Sysctrl_GetPClkFreq                      0x0000068d   Thumb Code    24  sysctrl.o(.text.Sysctrl_GetPClkFreq)
    Sysctrl_SetPeripheralGate                0x000006a5   Thumb Code    68  sysctrl.o(.text.Sysctrl_SetPeripheralGate)
    SystemInit                               0x000006e9   Thumb Code    76  system_hc32l17x.o(.text.SystemInit)
    TIM0_IRQHandler                          0x00000735   Thumb Code     8  interrupts_hc32l17x.o(.text.TIM0_IRQHandler)
    TIM1_IRQHandler                          0x0000073d   Thumb Code     8  interrupts_hc32l17x.o(.text.TIM1_IRQHandler)
    TIM2_IRQHandler                          0x00000745   Thumb Code     8  interrupts_hc32l17x.o(.text.TIM2_IRQHandler)
    TIM3_IRQHandler                          0x0000074d   Thumb Code     8  interrupts_hc32l17x.o(.text.TIM3_IRQHandler)
    TIM4_IRQHandler                          0x00000755   Thumb Code     8  interrupts_hc32l17x.o(.text.TIM4_IRQHandler)
    TIM5_IRQHandler                          0x0000075d   Thumb Code     8  interrupts_hc32l17x.o(.text.TIM5_IRQHandler)
    TIM6_IRQHandler                          0x00000765   Thumb Code     8  interrupts_hc32l17x.o(.text.TIM6_IRQHandler)
    UART0_2_IRQHandler                       0x0000076d   Thumb Code    12  interrupts_hc32l17x.o(.text.UART0_2_IRQHandler)
    UART1_3_IRQHandler                       0x00000779   Thumb Code    12  interrupts_hc32l17x.o(.text.UART1_3_IRQHandler)
    VC0_IRQHandler                           0x00000785   Thumb Code     8  interrupts_hc32l17x.o(.text.VC0_IRQHandler)
    VC1_2_IRQHandler                         0x0000078d   Thumb Code    12  interrupts_hc32l17x.o(.text.VC1_2_IRQHandler)
    WDT_IRQHandler                           0x00000799   Thumb Code     8  interrupts_hc32l17x.o(.text.WDT_IRQHandler)
    ddl_memclr                               0x000007a1   Thumb Code    20  ddl.o(.text.ddl_memclr)
    $Super$$main                             0x000007b5   Thumb Code    24  main.o(.text.main)
    __scatterload_copy                       0x000007cd   Thumb Code    14  handlers.o(i.__scatterload_copy)
    __scatterload_null                       0x000007db   Thumb Code     2  handlers.o(i.__scatterload_null)
    __scatterload_zeroinit                   0x000007dd   Thumb Code    14  handlers.o(i.__scatterload_zeroinit)
    Region$$Table$$Base                      0x000007ec   Number         0  anon$$obj.o(Region$$Table)
    Region$$Table$$Limit                     0x0000080c   Number         0  anon$$obj.o(Region$$Table)
    SystemCoreClock                          0x20000000   Data           4  system_hc32l17x.o(.data.SystemCoreClock)
    u8RxData                                 0x20000009   Data           1  main.o(.bss.u8RxData)
    __initial_sp                             0x20000210   Data           0  startup_hc32l17x.o(STACK)



==============================================================================

Memory Map of the image

  Image Entry point : 0x000000c1

  Load Region LR_IROM1 (Base: 0x00000000, Size: 0x00000818, Max: 0x00020000, ABSOLUTE)

    Execution Region ER_IROM1 (Exec base: 0x00000000, Load base: 0x00000000, Size: 0x0000080c, Max: 0x00020000, ABSOLUTE)

    Exec Addr    Load Addr    Size         Type   Attr      Idx    E Section Name        Object

    0x00000000   0x00000000   0x000000c0   Data   RO            3    RESET               startup_hc32l17x.o
    0x000000c0   0x000000c0   0x00000000   Code   RO          525  * .ARM.Collect$$$$00000000  mc_p.l(entry.o)
    0x000000c0   0x000000c0   0x00000004   Code   RO          532    .ARM.Collect$$$$00000001  mc_p.l(entry2.o)
    0x000000c4   0x000000c4   0x00000004   Code   RO          535    .ARM.Collect$$$$00000004  mc_p.l(entry5.o)
    0x000000c8   0x000000c8   0x00000000   Code   RO          537    .ARM.Collect$$$$00000008  mc_p.l(entry7b.o)
    0x000000c8   0x000000c8   0x00000000   Code   RO          539    .ARM.Collect$$$$0000000A  mc_p.l(entry8b.o)
    0x000000c8   0x000000c8   0x00000008   Code   RO          540    .ARM.Collect$$$$0000000B  mc_p.l(entry9a.o)
    0x000000d0   0x000000d0   0x00000000   Code   RO          542    .ARM.Collect$$$$0000000D  mc_p.l(entry10a.o)
    0x000000d0   0x000000d0   0x00000000   Code   RO          544    .ARM.Collect$$$$0000000F  mc_p.l(entry11a.o)
    0x000000d0   0x000000d0   0x00000004   Code   RO          533    .ARM.Collect$$$$00002712  mc_p.l(entry2.o)
    0x000000d4   0x000000d4   0x0000003c   Code   RO            4    .text               startup_hc32l17x.o
    0x00000110   0x00000110   0x0000002c   Code   RO          528    .text               mc_p.l(uidiv.o)
    0x0000013c   0x0000013c   0x00000024   Code   RO          546    .text               mc_p.l(init.o)
    0x00000160   0x00000160   0x0000000e   Code   RO           96    .text.$Sub$$main    system_hc32l17x.o
    0x0000016e   0x0000016e   0x0000000c   Code   RO           65    .text.ADC_DAC_IRQHandler  interrupts_hc32l17x.o
    0x0000017a   0x0000017a   0x00000002   PAD
    0x0000017c   0x0000017c   0x00000070   Code   RO          114    .text.App_LpUartCfg  main.o
    0x000001ec   0x000001ec   0x0000004e   Code   RO          112    .text.App_LpUartPortCfg  main.o
    0x0000023a   0x0000023a   0x00000008   Code   RO           79    .text.CLKTRIM_IRQHandler  interrupts_hc32l17x.o
    0x00000242   0x00000242   0x00000008   Code   RO           25    .text.DMAC_IRQHandler  interrupts_hc32l17x.o
    0x0000024a   0x0000024a   0x00000002   PAD
    0x0000024c   0x0000024c   0x0000008c   Code   RO           11    .text.EnableNvic    interrupts_hc32l17x.o
    0x000002d8   0x000002d8   0x0000000c   Code   RO           77    .text.FLASH_RAM_IRQHandler  interrupts_hc32l17x.o
    0x000002e4   0x000002e4   0x00000014   Code   RO          213    .text.GetBit        ddl.o
    0x000002f8   0x000002f8   0x00000088   Code   RO          266    .text.Gpio_Init     gpio.o
    0x00000380   0x00000380   0x00000010   Code   RO          288    .text.Gpio_SetAfMode  gpio.o
    0x00000390   0x00000390   0x00000010   Code   RO           13    .text.HardFault_Handler  interrupts_hc32l17x.o
    0x000003a0   0x000003a0   0x00000008   Code   RO           41    .text.I2C0_IRQHandler  interrupts_hc32l17x.o
    0x000003a8   0x000003a8   0x00000008   Code   RO           43    .text.I2C1_IRQHandler  interrupts_hc32l17x.o
    0x000003b0   0x000003b0   0x00000008   Code   RO           75    .text.LCD_IRQHandler  interrupts_hc32l17x.o
    0x000003b8   0x000003b8   0x0000000c   Code   RO           51    .text.LPTIM0_1_IRQHandler  interrupts_hc32l17x.o
    0x000003c4   0x000003c4   0x00000008   Code   RO           33    .text.LPUART0_IRQHandler  interrupts_hc32l17x.o
    0x000003cc   0x000003cc   0x00000008   Code   RO           35    .text.LPUART1_IRQHandler  interrupts_hc32l17x.o
    0x000003d4   0x000003d4   0x00000010   Code   RO          374    .text.LPUart_ClrStatus  lpuart.o
    0x000003e4   0x000003e4   0x00000010   Code   RO          348    .text.LPUart_DisableIrq  lpuart.o
    0x000003f4   0x000003f4   0x0000000e   Code   RO          346    .text.LPUart_EnableIrq  lpuart.o
    0x00000402   0x00000402   0x0000000a   Code   RO          370    .text.LPUart_GetStatus  lpuart.o
    0x0000040c   0x0000040c   0x00000060   Code   RO          382    .text.LPUart_Init   lpuart.o
    0x0000046c   0x0000046c   0x00000006   Code   RO          380    .text.LPUart_ReceiveData  lpuart.o
    0x00000472   0x00000472   0x0000000e   Code   RO          378    .text.LPUart_SendDataIt  lpuart.o
    0x00000480   0x00000480   0x00000008   Code   RO           73    .text.LVD_IRQHandler  interrupts_hc32l17x.o
    0x00000488   0x00000488   0x00000070   Code   RO          116    .text.LpUart1_IRQHandler  main.o
    0x000004f8   0x000004f8   0x00000008   Code   RO           59    .text.PCA_IRQHandler  interrupts_hc32l17x.o
    0x00000500   0x00000500   0x00000008   Code   RO           67    .text.PCNT_IRQHandler  interrupts_hc32l17x.o
    0x00000508   0x00000508   0x00000008   Code   RO           17    .text.PORTA_IRQHandler  interrupts_hc32l17x.o
    0x00000510   0x00000510   0x00000008   Code   RO           19    .text.PORTB_IRQHandler  interrupts_hc32l17x.o
    0x00000518   0x00000518   0x0000000c   Code   RO           21    .text.PORTC_E_IRQHandler  interrupts_hc32l17x.o
    0x00000524   0x00000524   0x0000000c   Code   RO           23    .text.PORTD_F_IRQHandler  interrupts_hc32l17x.o
    0x00000530   0x00000530   0x00000008   Code   RO           63    .text.RTC_IRQHandler  interrupts_hc32l17x.o
    0x00000538   0x00000538   0x00000008   Code   RO           37    .text.SPI0_IRQHandler  interrupts_hc32l17x.o
    0x00000540   0x00000540   0x00000008   Code   RO           39    .text.SPI1_IRQHandler  interrupts_hc32l17x.o
    0x00000548   0x00000548   0x00000016   Code   RO          211    .text.SetBit        ddl.o
    0x0000055e   0x0000055e   0x00000008   Code   RO           15    .text.SysTick_Handler  interrupts_hc32l17x.o
    0x00000566   0x00000566   0x00000002   PAD
    0x00000568   0x00000568   0x00000124   Code   RO          486    .text.Sysctrl_GetHClkFreq  sysctrl.o
    0x0000068c   0x0000068c   0x00000018   Code   RO          488    .text.Sysctrl_GetPClkFreq  sysctrl.o
    0x000006a4   0x000006a4   0x00000044   Code   RO          506    .text.Sysctrl_SetPeripheralGate  sysctrl.o
    0x000006e8   0x000006e8   0x0000004c   Code   RO           94    .text.SystemInit    system_hc32l17x.o
    0x00000734   0x00000734   0x00000008   Code   RO           45    .text.TIM0_IRQHandler  interrupts_hc32l17x.o
    0x0000073c   0x0000073c   0x00000008   Code   RO           47    .text.TIM1_IRQHandler  interrupts_hc32l17x.o
    0x00000744   0x00000744   0x00000008   Code   RO           49    .text.TIM2_IRQHandler  interrupts_hc32l17x.o
    0x0000074c   0x0000074c   0x00000008   Code   RO           27    .text.TIM3_IRQHandler  interrupts_hc32l17x.o
    0x00000754   0x00000754   0x00000008   Code   RO           53    .text.TIM4_IRQHandler  interrupts_hc32l17x.o
    0x0000075c   0x0000075c   0x00000008   Code   RO           55    .text.TIM5_IRQHandler  interrupts_hc32l17x.o
    0x00000764   0x00000764   0x00000008   Code   RO           57    .text.TIM6_IRQHandler  interrupts_hc32l17x.o
    0x0000076c   0x0000076c   0x0000000c   Code   RO           29    .text.UART0_2_IRQHandler  interrupts_hc32l17x.o
    0x00000778   0x00000778   0x0000000c   Code   RO           31    .text.UART1_3_IRQHandler  interrupts_hc32l17x.o
    0x00000784   0x00000784   0x00000008   Code   RO           69    .text.VC0_IRQHandler  interrupts_hc32l17x.o
    0x0000078c   0x0000078c   0x0000000c   Code   RO           71    .text.VC1_2_IRQHandler  interrupts_hc32l17x.o
    0x00000798   0x00000798   0x00000008   Code   RO           61    .text.WDT_IRQHandler  interrupts_hc32l17x.o
    0x000007a0   0x000007a0   0x00000014   Code   RO          203    .text.ddl_memclr    ddl.o
    0x000007b4   0x000007b4   0x00000018   Code   RO          110    .text.main          main.o
    0x000007cc   0x000007cc   0x0000000e   Code   RO          550    i.__scatterload_copy  mc_p.l(handlers.o)
    0x000007da   0x000007da   0x00000002   Code   RO          551    i.__scatterload_null  mc_p.l(handlers.o)
    0x000007dc   0x000007dc   0x0000000e   Code   RO          552    i.__scatterload_zeroinit  mc_p.l(handlers.o)
    0x000007ea   0x000007ea   0x00000002   PAD
    0x000007ec   0x000007ec   0x00000020   Data   RO          548    Region$$Table       anon$$obj.o


    Execution Region RW_IRAM1 (Exec base: 0x20000000, Load base: 0x00000810, Size: 0x00000210, Max: 0x00004000, ABSOLUTE)

    Exec Addr    Load Addr    Size         Type   Attr      Idx    E Section Name        Object

    0x20000000   0x00000810   0x00000004   Data   RW           98    .data.SystemCoreClock  system_hc32l17x.o
    0x20000004   0x00000814   0x00000004   PAD
    0x20000008        -       0x00000001   Zero   RW          514    .bss.bDacPeriBac    sysctrl.o
    0x20000009        -       0x00000001   Zero   RW          119    .bss.u8RxData       main.o
    0x2000000a   0x00000814   0x00000006   PAD
    0x20000010        -       0x00000200   Zero   RW            1    STACK               startup_hc32l17x.o


==============================================================================

Image component sizes


      Code (inc. data)   RO Data    RW Data    ZI Data      Debug   Object Name

        62          0          0          0          0       2626   ddl.o
       152         16          0          0          0      71181   gpio.o
       452         16          0          0          0       7277   interrupts_hc32l17x.o
       172         16          0          0          0       9277   lpuart.o
       326         12          0          0          1       8526   main.o
        60         22        192          0        512        620   startup_hc32l17x.o
       384         46          0          0          1      77263   sysctrl.o
        90         28          0          4          0       4988   system_hc32l17x.o

    ----------------------------------------------------------------------
      1704        156        224          4        524     181758   Object Totals
         0          0         32          0          0          0   (incl. Generated)
         6          0          0          0         10          0   (incl. Padding)

    ----------------------------------------------------------------------

      Code (inc. data)   RO Data    RW Data    ZI Data      Debug   Library Member Name

         0          0          0          0          0          0   entry.o
         0          0          0          0          0          0   entry10a.o
         0          0          0          0          0          0   entry11a.o
         8          4          0          0          0          0   entry2.o
         4          0          0          0          0          0   entry5.o
         0          0          0          0          0          0   entry7b.o
         0          0          0          0          0          0   entry8b.o
         8          4          0          0          0          0   entry9a.o
        30          0          0          0          0          0   handlers.o
        36          8          0          0          0         68   init.o
        44          0          0          0          0         72   uidiv.o

    ----------------------------------------------------------------------
       132         16          0          0          0        140   Library Totals
         2          0          0          0          0          0   (incl. Padding)

    ----------------------------------------------------------------------

      Code (inc. data)   RO Data    RW Data    ZI Data      Debug   Library Name

       130         16          0          0          0        140   mc_p.l

    ----------------------------------------------------------------------
       132         16          0          0          0        140   Library Totals

    ----------------------------------------------------------------------

==============================================================================


      Code (inc. data)   RO Data    RW Data    ZI Data      Debug   

      1836        172        224          4        524     181954   Grand Totals
      1836        172        224          4        524     181954   ELF Image Totals
      1836        172        224          4          0          0   ROM Totals

==============================================================================

    Total RO  Size (Code + RO Data)                 2060 (   2.01kB)
    Total RW  Size (RW Data + ZI Data)               528 (   0.52kB)
    Total ROM Size (Code + RO Data + RW Data)       2064 (   2.02kB)

==============================================================================

